Microchip MPLAB XC8 Compiler V3.00

Linker command line:

-W-3 \
  --edf=C:/Users/moua/.mchp_packs/Microchip/PIC18F-K_DFP/1.15.303/xc8\pic\dat\20250324170814_en.msgs \
  -cn -h+dist/default/production\telecommande.X.production.sym \
  --cmf=dist/default/production\telecommande.X.production.cmf -z -Q18F26K80 \
  -oC:\Users\moua\AppData\Local\Temp\xcAs9mc.\driver_tmp_3.o \
  --defsym=__MPLAB_BUILD=1 --fixupoverflow=error \
  -Mdist/default/production/telecommande.X.production.map \
  --md=C:\Users\moua\AppData\Local\Temp\xcAs9mc.\driver_tmp_0.dat -E1 \
  -ver=XC8 Compiler -ACODE=00h-0FFFFh -ACONST=00h-0FFFFh \
  -ASMALLCONST=01000h-010FFhx240 -AMEDIUMCONST=01000h-0FFFFh \
  -ACOMRAM=01h-05Fh -AABS1=00h-0E40h -ABIGRAM=01h-0E40h \
  -ARAM=060h-0FFh,0100h-01FFhx13,0E00h-0E40h -ABANK0=060h-0FFh \
  -ABANK1=0100h-01FFh -ABANK2=0200h-02FFh -ABANK3=0300h-03FFh \
  -ABANK4=0400h-04FFh -ABANK5=0500h-05FFh -ABANK6=0600h-06FFh \
  -ABANK7=0700h-07FFh -ABANK8=0800h-08FFh -ABANK9=0900h-09FFh \
  -ABANK10=0A00h-0AFFh -ABANK11=0B00h-0BFFh -ABANK12=0C00h-0CFFh \
  -ABANK13=0D00h-0DFFh -ABANK14=0E00h-0E40h \
  -ASFR=0E41h-0EFFh,0F00h-0F5Fh,0F60h-0FFFh -ABIGSFR=0E41h-0FFFh \
  -ACONFIG=0300000h-030000Dh -AIDLOC=0200000h-0200007h \
  -AEEDATA=0F00000h-0F003FFh -peeprom_data=EEDATA \
  -preset_vec=00h,intcode=8h,intcodelo=18h,sivt_lo,sivt_hi=CODE \
  -ppowerup=CODE,init -pramtop=01000h -psmallconst=SMALLCONST \
  -pmediumconst=MEDIUMCONST -pconst=CONST -AFARRAM=00h-00h \
  -prdata=COMRAM,nvrram=COMRAM,nvbit=COMRAM,rbss=COMRAM,rbit=COMRAM \
  -pfarbss=FARRAM,fardata=FARRAM,nvFARRAM=FARRAM \
  -pintsave_regs=BIGRAM,bigbss=BIGRAM,bigdata=BIGRAM -pbss=RAM \
  -pidata=CODE,irdata=CODE,ibigdata=CODE,ifardata=CODE -prparam=COMRAM \
  C:\Users\moua\AppData\Local\Temp\xcAs9mc.\driver_tmp_14.o \
  dist/default/production\telecommande.X.production.o 

Object code version is 3.11

Machine type is 18F26K80



                Name                               Link     Load   Length Selector   Space Scale
C:\Users\moua\AppData\Local\Temp\xcAs9mc.\driver_tmp_14.o
                config                           300000   300000        E        0       4
                init                               2006     2006        4        4       0
                reset_vec                             0        0        4        0       0
dist/default/production\telecommande.X.production.o
                intcode                               8        8     1FFE        4       0
                config                           300000   300000        E        0       4
                temp                                 4F       4F        1        1       1
                mediumconst                        F326     F326      CDA     7993       0
                text137                            9F18     9F18        A        4       0
                text136                            9E40     9E40       14        4       0
                text135                            9E2C     9E2C       14        4       0
                text134                            9E18     9E18       14        4       0
                text133                            9E04     9E04       14        4       0
                text132                            9DF0     9DF0       14        4       0
                text131                            9DDC     9DDC       14        4       0
                text130                            9DC8     9DC8       14        4       0
                text129                            7FC0     7FC0      10A        4       0
                text128                            8484     8484       EA        4       0
                text127                            9AFA     9AFA       34        4       0
                text126                            9C14     9C14       26        4       0
                text125                            9F2A     9F2A        8        4       0
                text124                            9CB8     9CB8       1E        4       0
                text123                            8B02     8B02       BA        4       0
                text122                            99D8     99D8       40        4       0
                text121                            90FE     90FE       96        4       0
                text120                            712A     712A      1A0        4       0
                text119                            8D1E     8D1E       B0        4       0
                text118                            8FC0     8FC0       A4        4       0
                text117                            93CE     93CE       88        4       0
                text116                            7DA0     7DA0      114        4       0
                text115                            7A22     7A22      148        4       0
                text114                            5A82     5A82      38C        4       0
                text113                            9994     9994       44        4       0
                text112                            9D0C     9D0C       1A        4       0
                text110                            9EEE     9EEE        C        4       0
                text109                            9C9A     9C9A       1E        4       0
                text108                            9C7C     9C7C       1E        4       0
                text107                            9A54     9A54       3C        4       0
                text106                            9E66     9E66       12        4       0
                text105                            9DB4     9DB4       14        4       0
                text104                            9C5C     9C5C       20        4       0
                text103                            9F0E     9F0E        A        4       0
                text102                            9BEA     9BEA       2A        4       0
                text101                            9CF2     9CF2       1A        4       0
                text100                            9F70     9F70        4        4       0
                text99                             9B2E     9B2E       32        4       0
                text98                             9DA0     9DA0       14        4       0
                text97                             9774     9774       54        4       0
                text96                             856E     856E       E0        4       0
                text95                             9D8C     9D8C       14        4       0
                text94                             7EB4     7EB4      10C        4       0
                text93                             8398     8398       EC        4       0
                text92                             9A90     9A90       36        4       0
                text91                             9C3A     9C3A       22        4       0
                text90                             8A46     8A46       BC        4       0
                text89                             9950     9950       44        4       0
                text88                             9064     9064       9A        4       0
                text87                             6F80     6F80      1AA        4       0
                text86                             8BBC     8BBC       B2        4       0
                text85                             8F1A     8F1A       A6        4       0
                text84                             9344     9344       8A        4       0
                text83                             7B6A     7B6A      11E        4       0
                text82                             78D2     78D2      150        4       0
                text81                             56EC     56EC      396        4       0
                text80                             9908     9908       48        4       0
                text79                             9CD6     9CD6       1C        4       0
                text78                             9B90     9B90       30        4       0
                text77                             8C6E     8C6E       B0        4       0
                text76                             9F04     9F04        A        4       0
                text75                             2EDE     2EDE      9D4        4       0
                text74                             9EA4     9EA4        E        4       0
                text73                             9F4A     9F4A        6        4       0
                text72                             9F6C     9F6C        4        4       0
                text71                             9F68     9F68        4        4       0
                text70                             9F44     9F44        6        4       0
                text69                             9BC0     9BC0       2A        4       0
                text68                             9F64     9F64        4        4       0
                text67                             9F3E     9F3E        6        4       0
                text66                             9F60     9F60        4        4       0
                text65                             9D78     9D78       14        4       0
                text64                             9F38     9F38        6        4       0
                text63                             9F5C     9F5C        4        4       0
                text62                             9F58     9F58        4        4       0
                text61                             9EFA     9EFA        A        4       0
                text60                             9F54     9F54        4        4       0
                text59                             96B6     96B6       64        4       0
                text58                             9F22     9F22        8        4       0
                text57                             9E96     9E96        E        4       0
                text56                             9E88     9E88        E        4       0
                text55                             94DA     94DA       7E        4       0
                text54                             9EE2     9EE2        C        4       0
                text53                             9ED6     9ED6        C        4       0
                text52                             9ECA     9ECA        C        4       0
                text51                             9EBE     9EBE        C        4       0
                text50                             981A     981A       52        4       0
                text49                             9D64     9D64       14        4       0
                text48                             9D50     9D50       14        4       0
                text47                             9D3C     9D3C       14        4       0
                text46                             87F0     87F0       CA        4       0
                text45                             9A18     9A18       3C        4       0
                text44                             9B60     9B60       30        4       0
                text43                             9F50     9F50        4        4       0
                text42                             9EB2     9EB2        C        4       0
                text41                             98BA     98BA       4E        4       0
                text40                             75F2     75F2      178        4       0
                text39                             7466     7466      18C        4       0
                text38                             9D26     9D26       16        4       0
                text37                             81BA     81BA       F0        4       0
                text36                             9F74     9F74        2        4       0
                text35                             9F32     9F32        6        4       0
                text34                             9456     9456       84        4       0
                text33                             9558     9558       78        4       0
                text32                             88BA     88BA       C8        4       0
                text31                             8720     8720       D0        4       0
                text30                             9194     9194       94        4       0
                text29                             971A     971A       5A        4       0
                text28                             6BF2     6BF2      1C8        4       0
                text27                             97C8     97C8       52        4       0
                text26                             9646     9646       70        4       0
                text25                             9E54     9E54       12        4       0
                text24                             5E0E     5E0E      376        4       0
                text23                             95D0     95D0       76        4       0
                text22                             200A     200A      ED4        4       0
                text21                             82AA     82AA       EE        4       0
                text20                             864E     864E       D2        4       0
                text19                             8E74     8E74       A6        4       0
                text18                             8DCE     8DCE       A6        4       0
                text17                             8982     8982       C4        4       0
                text16                             7C88     7C88      118        4       0
                text15                             776A     776A      168        4       0
                text14                             69A8     69A8      24A        4       0
                text13                             80CA     80CA       F0        4       0
                text12                             64A6     64A6      294        4       0
                text11                             9AC6     9AC6       34        4       0
                text10                             6184     6184      322        4       0
                text9                              72CA     72CA      19C        4       0
                text8                              46D8     46D8      616        4       0
                text7                              92BA     92BA       8A        4       0
                text6                              986C     986C       4E        4       0
                text5                              402A     402A      6AE        4       0
                text4                              4CEE     4CEE      51C        4       0
                text3                              673A     673A      26E        4       0
                text2                              520A     520A      4E2        4       0
                text1                              6DBA     6DBA      1C6        4       0
                text0                              38B2     38B2      778        4       0
                cstackCOMRAM                          1        1       45        1       1
                cstackBANK0                          60       60       7E       60       1
                cstackBANK1                         1C6      1C6       25      100       1
                cstackBANK3                         382      382        8      300       1
                bssBIGRAM                           582      582      320      582       1
                bssBANK5                            500      500       82      500       1
                bssBANK4                            400      400       82      400       1
                bssBANK3                            300      300       82      300       1
                bssBANK2                            200      200       FA      200       1
                dataBANK1                           1EB      1EB       10      100       1
                bssBANK1                            100      100       C6      100       1
                bssBANK0                             DE       DE       10       60       1
                bssCOMRAM                            46       46        9        1       1
                cinit                              9228     9228       92        4       0
                nvBANK1                             1FB      1FB        2      100       1
                idataBANK1                         9E78     9E78       10        4       0

TOTAL           Name                               Link     Load   Length     Space
        CLASS   CODE           
                intcode                               8        8     1FFE         0
                init                               2006     2006        4         0
                reset_vec                             0        0        4         0
                text137                            9F18     9F18        A         0
                text136                            9E40     9E40       14         0
                text135                            9E2C     9E2C       14         0
                text134                            9E18     9E18       14         0
                text133                            9E04     9E04       14         0
                text132                            9DF0     9DF0       14         0
                text131                            9DDC     9DDC       14         0
                text130                            9DC8     9DC8       14         0
                text129                            7FC0     7FC0      10A         0
                text128                            8484     8484       EA         0
                text127                            9AFA     9AFA       34         0
                text126                            9C14     9C14       26         0
                text125                            9F2A     9F2A        8         0
                text124                            9CB8     9CB8       1E         0
                text123                            8B02     8B02       BA         0
                text122                            99D8     99D8       40         0
                text121                            90FE     90FE       96         0
                text120                            712A     712A      1A0         0
                text119                            8D1E     8D1E       B0         0
                text118                            8FC0     8FC0       A4         0
                text117                            93CE     93CE       88         0
                text116                            7DA0     7DA0      114         0
                text115                            7A22     7A22      148         0
                text114                            5A82     5A82      38C         0
                text113                            9994     9994       44         0
                text112                            9D0C     9D0C       1A         0
                text110                            9EEE     9EEE        C         0
                text109                            9C9A     9C9A       1E         0
                text108                            9C7C     9C7C       1E         0
                text107                            9A54     9A54       3C         0
                text106                            9E66     9E66       12         0
                text105                            9DB4     9DB4       14         0
                text104                            9C5C     9C5C       20         0
                text103                            9F0E     9F0E        A         0
                text102                            9BEA     9BEA       2A         0
                text101                            9CF2     9CF2       1A         0
                text100                            9F70     9F70        4         0
                text99                             9B2E     9B2E       32         0
                text98                             9DA0     9DA0       14         0
                text97                             9774     9774       54         0
                text96                             856E     856E       E0         0
                text95                             9D8C     9D8C       14         0
                text94                             7EB4     7EB4      10C         0
                text93                             8398     8398       EC         0
                text92                             9A90     9A90       36         0
                text91                             9C3A     9C3A       22         0
                text90                             8A46     8A46       BC         0
                text89                             9950     9950       44         0
                text88                             9064     9064       9A         0
                text87                             6F80     6F80      1AA         0
                text86                             8BBC     8BBC       B2         0
                text85                             8F1A     8F1A       A6         0
                text84                             9344     9344       8A         0
                text83                             7B6A     7B6A      11E         0
                text82                             78D2     78D2      150         0
                text81                             56EC     56EC      396         0
                text80                             9908     9908       48         0
                text79                             9CD6     9CD6       1C         0
                text78                             9B90     9B90       30         0
                text77                             8C6E     8C6E       B0         0
                text76                             9F04     9F04        A         0
                text75                             2EDE     2EDE      9D4         0
                text74                             9EA4     9EA4        E         0
                text73                             9F4A     9F4A        6         0
                text72                             9F6C     9F6C        4         0
                text71                             9F68     9F68        4         0
                text70                             9F44     9F44        6         0
                text69                             9BC0     9BC0       2A         0
                text68                             9F64     9F64        4         0
                text67                             9F3E     9F3E        6         0
                text66                             9F60     9F60        4         0
                text65                             9D78     9D78       14         0
                text64                             9F38     9F38        6         0
                text63                             9F5C     9F5C        4         0
                text62                             9F58     9F58        4         0
                text61                             9EFA     9EFA        A         0
                text60                             9F54     9F54        4         0
                text59                             96B6     96B6       64         0
                text58                             9F22     9F22        8         0
                text57                             9E96     9E96        E         0
                text56                             9E88     9E88        E         0
                text55                             94DA     94DA       7E         0
                text54                             9EE2     9EE2        C         0
                text53                             9ED6     9ED6        C         0
                text52                             9ECA     9ECA        C         0
                text51                             9EBE     9EBE        C         0
                text50                             981A     981A       52         0
                text49                             9D64     9D64       14         0
                text48                             9D50     9D50       14         0
                text47                             9D3C     9D3C       14         0
                text46                             87F0     87F0       CA         0
                text45                             9A18     9A18       3C         0
                text44                             9B60     9B60       30         0
                text43                             9F50     9F50        4         0
                text42                             9EB2     9EB2        C         0
                text41                             98BA     98BA       4E         0
                text40                             75F2     75F2      178         0
                text39                             7466     7466      18C         0
                text38                             9D26     9D26       16         0
                text37                             81BA     81BA       F0         0
                text36                             9F74     9F74        2         0
                text35                             9F32     9F32        6         0
                text34                             9456     9456       84         0
                text33                             9558     9558       78         0
                text32                             88BA     88BA       C8         0
                text31                             8720     8720       D0         0
                text30                             9194     9194       94         0
                text29                             971A     971A       5A         0
                text28                             6BF2     6BF2      1C8         0
                text27                             97C8     97C8       52         0
                text26                             9646     9646       70         0
                text25                             9E54     9E54       12         0
                text24                             5E0E     5E0E      376         0
                text23                             95D0     95D0       76         0
                text22                             200A     200A      ED4         0
                text21                             82AA     82AA       EE         0
                text20                             864E     864E       D2         0
                text19                             8E74     8E74       A6         0
                text18                             8DCE     8DCE       A6         0
                text17                             8982     8982       C4         0
                text16                             7C88     7C88      118         0
                text15                             776A     776A      168         0
                text14                             69A8     69A8      24A         0
                text13                             80CA     80CA       F0         0
                text12                             64A6     64A6      294         0
                text11                             9AC6     9AC6       34         0
                text10                             6184     6184      322         0
                text9                              72CA     72CA      19C         0
                text8                              46D8     46D8      616         0
                text7                              92BA     92BA       8A         0
                text6                              986C     986C       4E         0
                text5                              402A     402A      6AE         0
                text4                              4CEE     4CEE      51C         0
                text3                              673A     673A      26E         0
                text2                              520A     520A      4E2         0
                text1                              6DBA     6DBA      1C6         0
                text0                              38B2     38B2      778         0
                cinit                              9228     9228       92         0
                idataBANK1                         9E78     9E78       10         0

        CLASS   CONST          

        CLASS   SMALLCONST     

        CLASS   MEDIUMCONST    
                mediumconst                        F326     F326      CDA         0

        CLASS   COMRAM         
                temp                                 4F       4F        1         1
                cstackCOMRAM                          1        1       45         1
                bssCOMRAM                            46       46        9         1

        CLASS   ABS1           

        CLASS   BIGRAM         
                bssBIGRAM                           582      582      320         1

        CLASS   RAM            

        CLASS   BANK0          
                cstackBANK0                          60       60       7E         1
                bssBANK0                             DE       DE       10         1

        CLASS   BANK1          
                cstackBANK1                         1C6      1C6       25         1
                dataBANK1                           1EB      1EB       10         1
                bssBANK1                            100      100       C6         1
                nvBANK1                             1FB      1FB        2         1

        CLASS   BANK2          
                bssBANK2                            200      200       FA         1

        CLASS   BANK3          
                cstackBANK3                         382      382        8         1
                bssBANK3                            300      300       82         1

        CLASS   BANK4          
                bssBANK4                            400      400       82         1

        CLASS   BANK5          
                bssBANK5                            500      500       82         1

        CLASS   BANK6          

        CLASS   BANK7          

        CLASS   BANK8          

        CLASS   BANK9          

        CLASS   BANK10         

        CLASS   BANK11         

        CLASS   BANK12         

        CLASS   BANK13         

        CLASS   BANK14         

        CLASS   SFR            

        CLASS   BIGSFR         

        CLASS   CONFIG         
                config                           300000   300000        E         4

        CLASS   IDLOC          

        CLASS   EEDATA         

        CLASS   FARRAM         

        CLASS   HEAP           

        CLASS   STACK          



SEGMENTS        Name                           Load    Length   Top    Selector   Space  Class

                reset_vec                      000000  000004  000004         0       0  CODE    
                cstackCOMRAM                   000001  00004F  000050         1       1  COMRAM  
                intcode                        000008  009F6E  009F76         4       0  CODE    
                cstackBANK0                    000060  00008E  0000EE        60       1  BANK0   
                bssBANK1                       000100  0000FD  0001FD       100       1  BANK1   
                bssBANK2                       000200  0000FA  0002FA       200       1  BANK2   
                bssBANK3                       000300  00008A  00038A       300       1  BANK3   
                bssBANK4                       000400  000082  000482       400       1  BANK4   
                bssBANK5                       000500  000082  000582       500       1  BANK5   
                bssBIGRAM                      000582  000320  0008A2       582       1  BIGRAM  
                mediumconst                    00F326  000CDA  010000      7993       0  MEDIUMCO


UNUSED ADDRESS RANGES

        Name                Unused          Largest block    Delta
        BANK0            0000EE-0000FF               12
        BANK1            0001FD-0001FF                3
        BANK10           000A00-000AFF              100
        BANK11           000B00-000BFF              100
        BANK12           000C00-000CFF              100
        BANK13           000D00-000DFF              100
        BANK14           000E00-000E40               41
        BANK2            0002FA-0002FF                6
        BANK3            00038A-0003FF               76
        BANK4            000482-0004FF               7E
        BANK8            0008A2-0008FF               5E
        BANK9            000900-0009FF              100
        BIGRAM           000050-00005F               10
                         0000EE-0000FF               12
                         0001FD-0001FF                3
                         0002FA-0002FF                6
                         00038A-0003FF               76
                         000482-0004FF               7E
                         0008A2-000E40              59F
        BIGSFR           000E41-000FFF              1BF
        CODE             000004-000007                4
                         009F76-00F325             53B0
        COMRAM           000050-00005F               10
        CONST            000004-000007                4
                         009F76-00F325             53B0
        EEDATA           F00000-F003FF              400
        IDLOC            200000-200007                8
        MEDIUMCONST      009F76-00F325             53B0
        RAM              0000EE-0000FF               12
                         0001FD-0001FF                3
                         0002FA-0002FF                6
                         00038A-0003FF               76
                         000482-0004FF               7E
                         0008A2-000E40              100
        SFR              000E41-000FFF               BF
        SMALLCONST       009F76-00F325              100

                                  Symbol Table

?_KeeLoq_Decrypt                                     cstackBANK0  000072
?_KeeLoq_Decrypt2                                    cstackBANK0  00007A
?___aldiv                                            cstackBANK0  000072
?___almod                                            cstackBANK0  000072
?___awdiv                                            cstackBANK0  000072
?___awmod                                            cstackBANK0  000072
?___lldiv                                            cstackBANK0  000072
?___llmod                                            cstackBANK0  000072
?___lomod                                            cstackBANK0  000072
?_abs                                                cstackBANK0  00007C
?_calccrc                                            cstackBANK0  000072
?_miroir64                                           cstackBANK0  000072
?_printf                                             cstackBANK0  0000B0
?_read_prec_or_width                                 cstackBANK0  000072
?_strcmp                                             cstackBANK0  000072
?_strlen                                             cstackBANK0  000072
?_trouve_code_algo_nice                              cstackBANK0  0000D9
?_trouve_code_nice                                   cstackBANK0  0000C9
?_vfprintf                                           cstackBANK0  0000AA
?i2___aldiv                                          cstackCOMRAM 000001
?i2___almod                                          cstackCOMRAM 000001
?i2___lldiv                                          cstackCOMRAM 000001
?i2___llmod                                          cstackCOMRAM 000001
?i2_abs                                              cstackCOMRAM 00000B
?i2_printf                                           cstackCOMRAM 00003F
?i2_read_prec_or_width                               cstackCOMRAM 000001
?i2_vfprintf                                         cstackCOMRAM 000039
Affiche4@codex                                       cstackBANK0  0000BB
Affiche4@p                                           cstackBANK0  0000C3
Affiche@codex                                        cstackBANK0  0000BB
Affiche@p                                            cstackBANK0  0000CB
EUSART1_FramingErrorCallbackRegister@callbackHandler cstackBANK0  000072
EUSART1_OverrunErrorCallbackRegister@callbackHandler cstackBANK0  000072
EUSART1_Write@txData                                 cstackBANK0  000072
I2C1_DataTransmit@data                               cstackBANK0  000072
I2C1_EVENT_ERROR@retEventState                       cstackBANK0  000072
I2C1_EVENT_NACK@retEventState                        cstackBANK0  000072
I2C1_EVENT_RX@retEventState                          cstackBANK0  000072
I2C1_EVENT_TX@retEventState                          cstackBANK0  000073
I2C1_ErrorGet@retErrorState                          cstackBANK0  000072
I2C1_Write@address                                   cstackBANK0  000073
I2C1_Write@data                                      cstackBANK0  000075
I2C1_Write@dataLength                                cstackBANK0  000077
I2C1_Write@retStatus                                 cstackBANK0  000079
I2C1_WriteRead@address                               cstackBANK0  000073
I2C1_WriteRead@readData                              cstackBANK0  000079
I2C1_WriteRead@readLength                            cstackBANK0  00007B
I2C1_WriteRead@writeData                             cstackBANK0  000075
I2C1_WriteRead@writeLength                           cstackBANK0  000077
KeeLoq_Decrypt2@data                                 cstackBANK0  00007C
KeeLoq_Decrypt2@k                                    cstackBANK0  0000AE
KeeLoq_Decrypt2@key                                  cstackBANK0  00007A
KeeLoq_Decrypt2@ki                                   cstackBANK0  0000AF
KeeLoq_Decrypt2@nlf_input                            cstackBANK0  0000AD
KeeLoq_Decrypt2@nrounds                              cstackBANK0  000084
KeeLoq_Decrypt2@o                                    cstackBANK0  0000AC
KeeLoq_Decrypt2@r                                    cstackBANK0  0000B0
KeeLoq_Decrypt2@x                                    cstackBANK0  0000A8
KeeLoq_Decrypt@data                                  cstackBANK0  000072
KeeLoq_Decrypt@key                                   cstackBANK0  00007A
KeeLoq_Decrypt@r                                     cstackBANK0  0000C7
KeeLoq_Decrypt@x                                     cstackBANK0  0000CB
TMR0_OverflowCallbackRegister@callbackHandler        cstackBANK0  000072
UART1_WriteString@i                                  cstackBANK0  00007C
UART1_WriteString@message                            cstackBANK0  000076
UART_ExecuteCommand@chk                              cstackBANK1  0001DE
UART_ExecuteCommand@command                          cstackBANK0  0000D4
UART_ExecuteCommand@ep                               cstackBANK1  0001E3
UART_ExecuteCommand@j                                cstackBANK1  0001DA
UART_ExecuteCommand@j_2563                           cstackBANK1  0001DF
UART_ExecuteCommand@k                                cstackBANK1  0001D5
UART_ExecuteCommand@v                                cstackBANK1  0001D9
UART_WriteByte@b                                     cstackBANK0  000075
_ANCON0                                              (abs)        000F5D
_ANCON1                                              (abs)        000F5C
_Affiche                                             text13       0080CA
_Affiche4                                            text78       009B90
_AncBp                                               bssBANK1     00018A
_BAUDCON1                                            (abs)        000FA7
_BAUDCON1bits                                        (abs)        000FA7
_BoutonActif                                         bssBANK1     000195
_CLOCK_Initialize                                    text110      009EEE
_EEADR                                               (abs)        000F74
_EEADRH                                              (abs)        000F75
_EECON1bits                                          (abs)        000F7F
_EECON2                                              (abs)        000F7E
_EEDATA                                              (abs)        000F73
_EUSART1_AutoBaudQuery                               (abs)        000000
_EUSART1_AutoBaudSet                                 (abs)        000000
_EUSART1_DefaultFramingErrorCallback                 text36       009F74
_EUSART1_DefaultOverrunErrorCallback                 text35       009F32
_EUSART1_Deinitialize                                (abs)        000000
_EUSART1_ErrorGet                                    (abs)        000000
_EUSART1_FramingErrorCallbackRegister                text109      009C9A
_EUSART1_FramingErrorHandler                         bssBANK1     000170
_EUSART1_Initialize                                  text107      009A54
_EUSART1_IsRxReady                                   text95       009D8C
_EUSART1_IsTxDone                                    (abs)        000000
_EUSART1_IsTxReady                                   text99       009B2E
_EUSART1_IsTxReady$1743                              cstackBANK0  000072
_EUSART1_IsTxReady$intlevel0                         text99       009B38
_EUSART1_OverrunErrorCallbackRegister                text108      009C7C
_EUSART1_OverrunErrorHandler                         bssBANK1     00016E
_EUSART1_Read                                        text34       009456
_EUSART1_TransmitDisable                             (abs)        000000
_EUSART1_TransmitEnable                              (abs)        000000
_EUSART1_Write                                       text98       009DA0
_EUSART1_Write$intlevel0                             text98       009DAA
_Err_wrong_range_bit                                 mediumconst  00F411
_I2C1_AckSend                                        text67       009F3E
_I2C1_BusReset                                       text73       009F4A
_I2C1_Callback                                       bssBANK1     00017E
_I2C1_CallbackRegister                               (abs)        000000
_I2C1_Close                                          text69       009BC0
_I2C1_DataReceive                                    text66       009F60
_I2C1_DataTransmit                                   text61       009EFA
_I2C1_Deinitialize                                   (abs)        000000
_I2C1_EVENT_ERROR                                    text53       009ED6
_I2C1_EVENT_IDLE                                     text58       009F22
_I2C1_EVENT_NACK                                     text54       009EE2
_I2C1_EVENT_RESET                                    text51       009EBE
_I2C1_EVENT_RX                                       text55       0094DA
_I2C1_EVENT_SEND_RD_ADDR                             text57       009E96
_I2C1_EVENT_SEND_WR_ADDR                             text56       009E88
_I2C1_EVENT_STOP                                     text52       009ECA
_I2C1_EVENT_TX                                       text59       0096B6
_I2C1_ErrorEventHandler                              text50       00981A
_I2C1_ErrorGet                                       text74       009EA4
_I2C1_ErrorInterruptClear                            text72       009F6C
_I2C1_EventHandler                                   text46       0087F0
_I2C1_Host                                           mediumconst  00F36D
_I2C1_Initialize                                     text106      009E66
_I2C1_InterruptClear                                 text71       009F68
_I2C1_IsAddr                                         text49       009D64
_I2C1_IsBusy                                         text44       009B60
_I2C1_IsBusy$607                                     cstackBANK0  000072
_I2C1_IsData                                         text48       009D50
_I2C1_IsNack                                         text47       009D3C
_I2C1_IsRxBufFull                                    text65       009D78
_I2C1_NackSend                                       text64       009F38
_I2C1_Read                                           (abs)        000000
_I2C1_ReceiveEnable                                  text63       009F5C
_I2C1_RestartDisable                                 text62       009F58
_I2C1_RestartEnable                                  text60       009F54
_I2C1_StartSend                                      text43       009F50
_I2C1_StatusFlagsClear                               text70       009F44
_I2C1_StopSend                                       text68       009F64
_I2C1_Tasks                                          text45       009A18
_I2C1_Write                                          text29       00971A
_I2C1_WriteRead                                      text41       0098BA
_I2C1_WriteStart                                     text42       009EB2
_INT0_InterruptHandler                               bssBANK1     00017C
_INT1_InterruptHandler                               bssBANK1     00017A
_INT2_InterruptHandler                               bssBANK1     000178
_INT3_InterruptHandler                               bssBANK1     000176
_INTCON2bits                                         (abs)        000FF1
_INTCON3bits                                         (abs)        000FF0
_INTCONbits                                          (abs)        000FF2
_INTERRUPT_Initialize                                text105      009DB4
_IOCB                                                (abs)        000F5A
_IOCBbits                                            (abs)        000F5A
_ISR_high                                            intcode      000008
_KeeLoq_Decrypt                                      text12       0064A6
_KeeLoq_Decrypt2                                     text10       006184
_LATA                                                (abs)        000F89
_LATB                                                (abs)        000F8A
_LATC                                                (abs)        000F8B
_Nb0                                                 bssBANK1     00015C
_NbreBits                                            bssCOMRAM    000046
_NbreBitsMsg                                         bssBANK1     000160
_OSCCON                                              (abs)        000FD3
_OSCCON2                                             (abs)        000FD2
_OSCTUNE                                             (abs)        000F9B
_PIN_MANAGER_Initialize                              text104      009C5C
_PIR1bits                                            (abs)        000F9E
_PIR2bits                                            (abs)        000FA1
_RA3                                                 (abs)        007C03
_RA5                                                 (abs)        007C05
_RB2                                                 (abs)        007C0A
_RB4                                                 (abs)        007C0C
_RC0                                                 (abs)        007C10
_RCONbits                                            (abs)        000FD0
_RCREG1                                              (abs)        000FAE
_RCSTA1                                              (abs)        000FAB
_RCSTA1bits                                          (abs)        000FAB
_REFOCON                                             (abs)        000F9A
_Rx_prec                                             bssBANK1     000194
_SPBRG1                                              (abs)        000FAF
_SPBRGH1                                             (abs)        000F7D
_SSPADD                                              (abs)        000FC8
_SSPBUF                                              (abs)        000FC9
_SSPCON1                                             (abs)        000FC6
_SSPCON1bits                                         (abs)        000FC6
_SSPCON2                                             (abs)        000FC5
_SSPCON2bits                                         (abs)        000FC5
_SSPSTAT                                             (abs)        000FC7
_SSPSTATbits                                         (abs)        000FC7
_SYSTEM_Initialize                                   text101      009CF2
_T0CON                                               (abs)        000FD5
_T0CONbits                                           (abs)        000FD5
_TMR0                                                (abs)        000FD6
_TMR0H                                               (abs)        000FD7
_TMR0L                                               (abs)        000FD6
_TMR0_CounterGet                                     (abs)        000000
_TMR0_CounterSet                                     (abs)        000000
_TMR0_DefaultOverflowCallback                        (abs)        000000
_TMR0_Deinitialize                                   (abs)        000000
_TMR0_Initialize                                     text102      009BEA
_TMR0_MaxCountGet                                    (abs)        000000
_TMR0_OverflowCallback                               nvBANK1      0001FB
_TMR0_OverflowCallbackRegister                       text103      009F0E
_TMR0_PeriodGet                                      (abs)        000000
_TMR0_PeriodSet                                      (abs)        000000
_TMR0_Start                                          text100      009F70
_TMR0_Stop                                           (abs)        000000
_TMR0_Tasks                                          (abs)        000000
_TRISA                                               (abs)        000F92
_TRISB                                               (abs)        000F93
_TRISC                                               (abs)        000F94
_TXREG1                                              (abs)        000FAD
_TXSTA1                                              (abs)        000FAC
_TXSTA1bits                                          (abs)        000FAC
_Timer0                                              mediumconst  00F357
_UART1                                               mediumconst  00F327
_UART1_WriteString                                   text96       00856E
_UART_ExecuteCommand                                 text22       00200A
_UART_ProcessCommand                                 text21       0082AA
_UART_WriteByte                                      text33       009558
_WPUB                                                (abs)        000F5B
__HRAM                                               (abs)        000000
__H__absolute__                                      __absolute__ 000000
__Habs1                                              abs1         000000
__Hbank0                                             bank0        000000
__Hbank1                                             bank1        000000
__Hbank10                                            bank10       000000
__Hbank11                                            bank11       000000
__Hbank12                                            bank12       000000
__Hbank13                                            bank13       000000
__Hbank14                                            bank14       000000
__Hbank2                                             bank2        000000
__Hbank3                                             bank3        000000
__Hbank4                                             bank4        000000
__Hbank5                                             bank5        000000
__Hbank6                                             bank6        000000
__Hbank7                                             bank7        000000
__Hbank8                                             bank8        000000
__Hbank9                                             bank9        000000
__Hbigbss                                            bigbss       000000
__Hbigdata                                           bigdata      000000
__Hbigram                                            bigram       000000
__Hbigsfr                                            bigsfr       000000
__Hbss                                               bss          000000
__HbssBANK0                                          bssBANK0     000000
__HbssBANK1                                          bssBANK1     000000
__HbssBANK2                                          bssBANK2     000000
__HbssBANK3                                          bssBANK3     000000
__HbssBANK4                                          bssBANK4     000000
__HbssBANK5                                          bssBANK5     000000
__HbssBIGRAM                                         bssBIGRAM    000000
__HbssCOMRAM                                         bssCOMRAM    000000
__Hcinit                                             cinit        000000
__Hclrtext                                           clrtext      000000
__Hcomram                                            comram       000000
__Hconfig                                            config       30000E
__Hconst                                             const        000000
__HcstackBANK0                                       cstackBANK0  000000
__HcstackBANK1                                       cstackBANK1  000000
__HcstackBANK3                                       cstackBANK3  000000
__HcstackCOMRAM                                      cstackCOMRAM 000000
__Hdata                                              data         000000
__HdataBANK1                                         dataBANK1    000000
__Heeprom_data                                       eeprom_data  000000
__Hfarbss                                            farbss       000000
__Hfardata                                           fardata      000000
__Hheap                                              heap         000000
__Hibigdata                                          ibigdata     000000
__Hidata                                             idata        000000
__HidataBANK1                                        idataBANK1   000000
__Hidloc                                             idloc        000000
__Hifardata                                          ifardata     000000
__Hinit                                              init         00200A
__Hintcode                                           intcode      002006
__Hintcode_body                                      intcode_body 000000
__Hintcodelo                                         intcodelo    000018
__Hintentry                                          intentry     000000
__Hintret                                            intret       000000
__Hintsave_regs                                      intsave_regs 000000
__Hirdata                                            irdata       000000
__Hmediumconst                                       mediumconst  010000
__HnvBANK1                                           nvBANK1      000000
__HnvFARRAM                                          nvFARRAM     000000
__Hnvbit                                             nvbit        000000
__Hnvrram                                            nvrram       000000
__Hparam                                             rparam       000000
__Hpowerup                                           powerup      000000
__Hram                                               ram          000000
__Hramtop                                            ramtop       001000
__Hrbit                                              rbit         000000
__Hrbss                                              rbss         000000
__Hrdata                                             rdata        000000
__Hreset_vec                                         reset_vec    000004
__Hrparam                                            rparam       000000
__Hsfr                                               sfr          000000
__Hsivt_hi                                           sivt_hi      000000
__Hsivt_lo                                           sivt_lo      000018
__Hsmallconst                                        smallconst   000000
__Hspace_0                                           (abs)        010000
__Hspace_1                                           (abs)        0008A2
__Hspace_2                                           (abs)        000000
__Hspace_4                                           (abs)        60000E
__Hstack                                             stack        000000
__Hstruct                                            struct       000000
__Htemp                                              temp         000050
__Htext                                              text         000000
__Htext0                                             text0        000000
__Htext1                                             text1        000000
__Htext10                                            text10       000000
__Htext100                                           text100      000000
__Htext101                                           text101      000000
__Htext102                                           text102      000000
__Htext103                                           text103      000000
__Htext104                                           text104      000000
__Htext105                                           text105      000000
__Htext106                                           text106      000000
__Htext107                                           text107      000000
__Htext108                                           text108      000000
__Htext109                                           text109      000000
__Htext11                                            text11       000000
__Htext110                                           text110      000000
__Htext112                                           text112      000000
__Htext113                                           text113      000000
__Htext114                                           text114      000000
__Htext115                                           text115      000000
__Htext116                                           text116      000000
__Htext117                                           text117      000000
__Htext118                                           text118      000000
__Htext119                                           text119      000000
__Htext12                                            text12       000000
__Htext120                                           text120      000000
__Htext121                                           text121      000000
__Htext122                                           text122      000000
__Htext123                                           text123      000000
__Htext124                                           text124      000000
__Htext125                                           text125      000000
__Htext126                                           text126      000000
__Htext127                                           text127      000000
__Htext128                                           text128      000000
__Htext129                                           text129      000000
__Htext13                                            text13       000000
__Htext130                                           text130      000000
__Htext131                                           text131      000000
__Htext132                                           text132      000000
__Htext133                                           text133      000000
__Htext134                                           text134      000000
__Htext135                                           text135      000000
__Htext136                                           text136      000000
__Htext137                                           text137      000000
__Htext14                                            text14       000000
__Htext15                                            text15       000000
__Htext16                                            text16       000000
__Htext17                                            text17       000000
__Htext18                                            text18       000000
__Htext19                                            text19       000000
__Htext2                                             text2        000000
__Htext20                                            text20       000000
__Htext21                                            text21       000000
__Htext22                                            text22       000000
__Htext23                                            text23       000000
__Htext24                                            text24       000000
__Htext25                                            text25       000000
__Htext26                                            text26       000000
__Htext27                                            text27       000000
__Htext28                                            text28       000000
__Htext29                                            text29       000000
__Htext3                                             text3        000000
__Htext30                                            text30       000000
__Htext31                                            text31       000000
__Htext32                                            text32       000000
__Htext33                                            text33       000000
__Htext34                                            text34       000000
__Htext35                                            text35       000000
__Htext36                                            text36       000000
__Htext37                                            text37       000000
__Htext38                                            text38       000000
__Htext39                                            text39       000000
__Htext4                                             text4        000000
__Htext40                                            text40       000000
__Htext41                                            text41       000000
__Htext42                                            text42       000000
__Htext43                                            text43       000000
__Htext44                                            text44       000000
__Htext45                                            text45       000000
__Htext46                                            text46       000000
__Htext47                                            text47       000000
__Htext48                                            text48       000000
__Htext49                                            text49       000000
__Htext5                                             text5        000000
__Htext50                                            text50       000000
__Htext51                                            text51       000000
__Htext52                                            text52       000000
__Htext53                                            text53       000000
__Htext54                                            text54       000000
__Htext55                                            text55       000000
__Htext56                                            text56       000000
__Htext57                                            text57       000000
__Htext58                                            text58       000000
__Htext59                                            text59       000000
__Htext6                                             text6        000000
__Htext60                                            text60       000000
__Htext61                                            text61       000000
__Htext62                                            text62       000000
__Htext63                                            text63       000000
__Htext64                                            text64       000000
__Htext65                                            text65       000000
__Htext66                                            text66       000000
__Htext67                                            text67       000000
__Htext68                                            text68       000000
__Htext69                                            text69       000000
__Htext7                                             text7        000000
__Htext70                                            text70       000000
__Htext71                                            text71       000000
__Htext72                                            text72       000000
__Htext73                                            text73       000000
__Htext74                                            text74       000000
__Htext75                                            text75       000000
__Htext76                                            text76       000000
__Htext77                                            text77       000000
__Htext78                                            text78       000000
__Htext79                                            text79       000000
__Htext8                                             text8        000000
__Htext80                                            text80       000000
__Htext81                                            text81       000000
__Htext82                                            text82       000000
__Htext83                                            text83       000000
__Htext84                                            text84       000000
__Htext85                                            text85       000000
__Htext86                                            text86       000000
__Htext87                                            text87       000000
__Htext88                                            text88       000000
__Htext89                                            text89       000000
__Htext9                                             text9        000000
__Htext90                                            text90       000000
__Htext91                                            text91       000000
__Htext92                                            text92       000000
__Htext93                                            text93       000000
__Htext94                                            text94       000000
__Htext95                                            text95       000000
__Htext96                                            text96       000000
__Htext97                                            text97       000000
__Htext98                                            text98       000000
__Htext99                                            text99       000000
__LRAM                                               (abs)        000001
__L__absolute__                                      __absolute__ 000000
__Labs1                                              abs1         000000
__Lbank0                                             bank0        000000
__Lbank1                                             bank1        000000
__Lbank10                                            bank10       000000
__Lbank11                                            bank11       000000
__Lbank12                                            bank12       000000
__Lbank13                                            bank13       000000
__Lbank14                                            bank14       000000
__Lbank2                                             bank2        000000
__Lbank3                                             bank3        000000
__Lbank4                                             bank4        000000
__Lbank5                                             bank5        000000
__Lbank6                                             bank6        000000
__Lbank7                                             bank7        000000
__Lbank8                                             bank8        000000
__Lbank9                                             bank9        000000
__Lbigbss                                            bigbss       000000
__Lbigdata                                           bigdata      000000
__Lbigram                                            bigram       000000
__Lbigsfr                                            bigsfr       000000
__Lbss                                               bss          000000
__LbssBANK0                                          bssBANK0     000000
__LbssBANK1                                          bssBANK1     000000
__LbssBANK2                                          bssBANK2     000000
__LbssBANK3                                          bssBANK3     000000
__LbssBANK4                                          bssBANK4     000000
__LbssBANK5                                          bssBANK5     000000
__LbssBIGRAM                                         bssBIGRAM    000000
__LbssCOMRAM                                         bssCOMRAM    000000
__Lcinit                                             cinit        000000
__Lclrtext                                           clrtext      000000
__Lcomram                                            comram       000000
__Lconfig                                            config       000000
__Lconst                                             const        000000
__LcstackBANK0                                       cstackBANK0  000000
__LcstackBANK1                                       cstackBANK1  000000
__LcstackBANK3                                       cstackBANK3  000000
__LcstackCOMRAM                                      cstackCOMRAM 000000
__Ldata                                              data         000000
__LdataBANK1                                         dataBANK1    000000
__Leeprom_data                                       eeprom_data  000000
__Lfarbss                                            farbss       000000
__Lfardata                                           fardata      000000
__Lheap                                              heap         000000
__Libigdata                                          ibigdata     000000
__Lidata                                             idata        000000
__LidataBANK1                                        idataBANK1   000000
__Lidloc                                             idloc        000000
__Lifardata                                          ifardata     000000
__Linit                                              init         002006
__Lintcode                                           intcode      000008
__Lintcode_body                                      intcode_body 000000
__Lintcodelo                                         intcodelo    000018
__Lintentry                                          intentry     000000
__Lintret                                            intret       000000
__Lintsave_regs                                      intsave_regs 000000
__Lirdata                                            irdata       000000
__Lmediumconst                                       mediumconst  00F326
__LnvBANK1                                           nvBANK1      000000
__LnvFARRAM                                          nvFARRAM     000000
__Lnvbit                                             nvbit        000000
__Lnvrram                                            nvrram       000000
__Lparam                                             rparam       000000
__Lpowerup                                           powerup      000000
__Lram                                               ram          000000
__Lramtop                                            ramtop       001000
__Lrbit                                              rbit         000000
__Lrbss                                              rbss         000000
__Lrdata                                             rdata        000000
__Lreset_vec                                         reset_vec    000000
__Lrparam                                            rparam       000000
__Lsfr                                               sfr          000000
__Lsivt_hi                                           sivt_hi      000000
__Lsivt_lo                                           sivt_lo      000018
__Lsmallconst                                        smallconst   000000
__Lspace_0                                           (abs)        000000
__Lspace_1                                           (abs)        000000
__Lspace_2                                           (abs)        000000
__Lspace_4                                           (abs)        000000
__Lstack                                             stack        000000
__Lstruct                                            struct       000000
__Ltemp                                              temp         00004F
__Ltext                                              text         000000
__Ltext0                                             text0        000000
__Ltext1                                             text1        000000
__Ltext10                                            text10       000000
__Ltext100                                           text100      000000
__Ltext101                                           text101      000000
__Ltext102                                           text102      000000
__Ltext103                                           text103      000000
__Ltext104                                           text104      000000
__Ltext105                                           text105      000000
__Ltext106                                           text106      000000
__Ltext107                                           text107      000000
__Ltext108                                           text108      000000
__Ltext109                                           text109      000000
__Ltext11                                            text11       000000
__Ltext110                                           text110      000000
__Ltext112                                           text112      000000
__Ltext113                                           text113      000000
__Ltext114                                           text114      000000
__Ltext115                                           text115      000000
__Ltext116                                           text116      000000
__Ltext117                                           text117      000000
__Ltext118                                           text118      000000
__Ltext119                                           text119      000000
__Ltext12                                            text12       000000
__Ltext120                                           text120      000000
__Ltext121                                           text121      000000
__Ltext122                                           text122      000000
__Ltext123                                           text123      000000
__Ltext124                                           text124      000000
__Ltext125                                           text125      000000
__Ltext126                                           text126      000000
__Ltext127                                           text127      000000
__Ltext128                                           text128      000000
__Ltext129                                           text129      000000
__Ltext13                                            text13       000000
__Ltext130                                           text130      000000
__Ltext131                                           text131      000000
__Ltext132                                           text132      000000
__Ltext133                                           text133      000000
__Ltext134                                           text134      000000
__Ltext135                                           text135      000000
__Ltext136                                           text136      000000
__Ltext137                                           text137      000000
__Ltext14                                            text14       000000
__Ltext15                                            text15       000000
__Ltext16                                            text16       000000
__Ltext17                                            text17       000000
__Ltext18                                            text18       000000
__Ltext19                                            text19       000000
__Ltext2                                             text2        000000
__Ltext20                                            text20       000000
__Ltext21                                            text21       000000
__Ltext22                                            text22       000000
__Ltext23                                            text23       000000
__Ltext24                                            text24       000000
__Ltext25                                            text25       000000
__Ltext26                                            text26       000000
__Ltext27                                            text27       000000
__Ltext28                                            text28       000000
__Ltext29                                            text29       000000
__Ltext3                                             text3        000000
__Ltext30                                            text30       000000
__Ltext31                                            text31       000000
__Ltext32                                            text32       000000
__Ltext33                                            text33       000000
__Ltext34                                            text34       000000
__Ltext35                                            text35       000000
__Ltext36                                            text36       000000
__Ltext37                                            text37       000000
__Ltext38                                            text38       000000
__Ltext39                                            text39       000000
__Ltext4                                             text4        000000
__Ltext40                                            text40       000000
__Ltext41                                            text41       000000
__Ltext42                                            text42       000000
__Ltext43                                            text43       000000
__Ltext44                                            text44       000000
__Ltext45                                            text45       000000
__Ltext46                                            text46       000000
__Ltext47                                            text47       000000
__Ltext48                                            text48       000000
__Ltext49                                            text49       000000
__Ltext5                                             text5        000000
__Ltext50                                            text50       000000
__Ltext51                                            text51       000000
__Ltext52                                            text52       000000
__Ltext53                                            text53       000000
[...]
miroir64@n                                           cstackBANK0  000072
nlf@d                                                cstackBANK0  000076
num_telecommande_int@index                           cstackBANK0  000083
num_telecommande_int@serialEprom                     cstackBANK0  00007F
num_telecommande_int@serialin                        cstackBANK0  000074
pad@buf                                              cstackBANK0  000083
pad@fp                                               cstackBANK0  000082
pad@i                                                cstackBANK0  000088
pad@p                                                cstackBANK0  000085
printf@ap                                            cstackBANK0  0000BA
printf@fmt                                           cstackBANK0  0000B0
putch@txData                                         cstackBANK0  000073
read_prec_or_width@ap                                cstackBANK0  000073
read_prec_or_width@c                                 cstackBANK0  000076
read_prec_or_width@fmt                               cstackBANK0  000072
read_prec_or_width@n                                 cstackBANK0  000077
recoit_xmodem@ancienpak                              cstackBANK0  0000D2
recoit_xmodem@b                                      cstackBANK0  0000D3
recoit_xmodem@demande                                cstackBANK0  0000D1
recoit_xmodem@derniere                               cstackBANK0  0000CF
recoit_xmodem@mode                                   cstackBANK0  0000C7
recoit_xmodem@padr                                   cstackBANK0  0000CD
stackhi                                              (abs)        000000
stacklo                                              (abs)        000000
start                                                init         002006
start_initialization                                 cinit        009228
stocke_telecommande@ep                               cstackBANK0  0000D3
stocke_telecommande@n                                cstackBANK0  0000D2
strcmp@l                                             cstackBANK0  000072
strcmp@r                                             cstackBANK0  000074
strlen@a                                             cstackBANK0  000074
strlen@s                                             cstackBANK0  000072
traitementCode@n                                     cstackBANK0  0000D9
trouve_code_algo_nice@bal_telecom                    cstackBANK1  0001C8
trouve_code_algo_nice@c                              cstackBANK0  0000D9
trouve_code_algo_nice@i                              cstackBANK1  0001C9
trouve_code_algo_nice@increment                      cstackBANK1  0001CC
trouve_code_algo_nice@lu_ext                         cstackBANK1  0001C6
trouve_code_algo_nice@trouve                         cstackBANK1  0001CB
trouve_code_nice@c                                   cstackBANK0  0000C9
trouve_code_nice@i                                   cstackBANK0  0000D4
trouve_code_nice@j                                   cstackBANK0  0000D8
trouve_code_nice@trouve                              cstackBANK0  0000D3
ttemp5                                               temp         000050
ttemp6                                               temp         000053
ttemp7                                               temp         000057
utoa@d                                               cstackBANK0  00008B
utoa@fp                                              cstackBANK0  00008A
utoa@i                                               cstackBANK0  000092
utoa@p                                               cstackBANK0  00008F
utoa@w                                               cstackBANK0  000090
vfpfcnvrt@ap                                         cstackBANK0  00009F
vfpfcnvrt@c                                          cstackBANK0  0000A7
vfpfcnvrt@convarg                                    cstackBANK0  0000A3
vfpfcnvrt@cp                                         cstackBANK0  0000A8
vfpfcnvrt@done                                       cstackBANK0  0000A2
vfpfcnvrt@fmt                                        cstackBANK0  00009E
vfpfcnvrt@fp                                         cstackBANK0  00009D
vfprintf@ap                                          cstackBANK0  0000AD
vfprintf@cfmt                                        cstackBANK0  0000AE
vfprintf@fmt                                         cstackBANK0  0000AB
vfprintf@fp                                          cstackBANK0  0000AA
wtemp8                                               temp         000050
xtoa@a                                               cstackBANK0  000094
xtoa@c                                               cstackBANK0  00009A
xtoa@d                                               cstackBANK0  00008B
xtoa@fp                                              cstackBANK0  00008A
xtoa@i                                               cstackBANK0  00009B
xtoa@p                                               cstackBANK0  000097
xtoa@w                                               cstackBANK0  000098
xtoa@x                                               cstackBANK0  00008F


MODULE INFORMATION

Module		Function		Class		Link	Load	Size
C:\Program Files\Microchip\xc8\v3.00\pic\sources\c99\common\abs.c
		_abs           		CODE           	9A90	0000	54

C:\Program Files\Microchip\xc8\v3.00\pic\sources\c99\common\abs.c estimated size: 54

C:\Program Files\Microchip\xc8\v3.00\pic\sources\c99\common\nf_fputc.c
		_fputc         		CODE           	8A46	0000	188

C:\Program Files\Microchip\xc8\v3.00\pic\sources\c99\common\nf_fputc.c estimated size: 188

C:\Program Files\Microchip\xc8\v3.00\pic\sources\c99\common\lomod.c
		___lomod       		CODE           	864E	0000	210

C:\Program Files\Microchip\xc8\v3.00\pic\sources\c99\common\lomod.c estimated size: 210

mcc_generated_files/system/src/interrupt.c
		_INTERRUPT_Initialize		CODE           	9DB4	0000	20

mcc_generated_files/system/src/interrupt.c estimated size: 20

C:\Program Files\Microchip\xc8\v3.00\pic\sources\c99\common\printf.c
		_printf        		CODE           	9CD6	0000	28

C:\Program Files\Microchip\xc8\v3.00\pic\sources\c99\common\printf.c estimated size: 28

C:\Program Files\Microchip\xc8\v3.00\pic\sources\c99\common\awmod.c
		___awmod       		CODE           	8C6E	0000	176

C:\Program Files\Microchip\xc8\v3.00\pic\sources\c99\common\awmod.c estimated size: 176

C:\Program Files\Microchip\xc8\v3.00\pic\sources\c99\common\llmod.c
		___llmod       		CODE           	9344	0000	138

C:\Program Files\Microchip\xc8\v3.00\pic\sources\c99\common\llmod.c estimated size: 138

C:\Program Files\Microchip\xc8\v3.00\pic\sources\c99\common\almod.c
		___almod       		CODE           	8398	0000	236

C:\Program Files\Microchip\xc8\v3.00\pic\sources\c99\common\almod.c estimated size: 236

mcc_generated_files/system/src/pins.c
		_PIN_MANAGER_Initialize		CODE           	9C5C	0000	32

mcc_generated_files/system/src/pins.c estimated size: 32

C:\Program Files\Microchip\xc8\v3.00\pic\sources\c99\common\__lldiv.c
		___lldiv       		CODE           	8F1A	0000	166

C:\Program Files\Microchip\xc8\v3.00\pic\sources\c99\common\__lldiv.c estimated size: 166

shared
		_coupureC      		MEDIUMCONST    	F3FB	0000	2
		_coupureD      		MEDIUMCONST    	0000	0000	0
		_coupureF      		MEDIUMCONST    	0000	0000	0
		_coupureN      		MEDIUMCONST    	F3BF	0000	2
		_coupureS      		MEDIUMCONST    	F3AB	0000	2
		_coupureT      		MEDIUMCONST    	0000	0000	0
		_coupureV      		MEDIUMCONST    	0000	0000	0
		_bit0C         		MEDIUMCONST    	0000	0000	0
		i2_printf      		CODE           	9D0C	0000	26
		i2_vfpfcnvrt   		CODE           	5A82	0000	908
		i2_raz_bits    		CODE           	9F18	0000	10
		i2_pad         		CODE           	90FE	0000	150
		i2_abs         		CODE           	9AFA	0000	52
		_bit1C         		MEDIUMCONST    	0000	0000	0
		i2_read_prec_or_width		CODE           	8D1E	0000	176
		_prot_1527     		MEDIUMCONST    	0000	0000	0
		i2_putch       		CODE           	9CB8	0000	30
		i2_utoa        		CODE           	7DA0	0000	276
		_bit0F_M       		MEDIUMCONST    	F3DB	0000	2
		_prot_niceflors		MEDIUMCONST    	0000	0000	0
		_bit0D         		MEDIUMCONST    	0000	0000	0
		_bit0F_P       		MEDIUMCONST    	F3D9	0000	2
		_bit384        		MEDIUMCONST    	0000	0000	0
		_bit1F_M       		MEDIUMCONST    	F3D7	0000	2
		_bit1D         		MEDIUMCONST    	0000	0000	0
		i2_vfprintf    		CODE           	9994	0000	68
		_Err_bit_duration		MEDIUMCONST    	0000	0000	0
		i2_xtoa        		CODE           	7A22	0000	328
		_prot_fobloqf  		MEDIUMCONST    	0000	0000	0
		_bit1F_P       		MEDIUMCONST    	F3D5	0000	2
		_bit32         		MEDIUMCONST    	0000	0000	0
		_silenceC      		MEDIUMCONST    	0000	0000	0
		_silenceD      		MEDIUMCONST    	0000	0000	0
		_silenceF      		MEDIUMCONST    	0000	0000	0
		_silenceN      		MEDIUMCONST    	0000	0000	0
		_silenceS      		MEDIUMCONST    	0000	0000	0
		_silenceT      		MEDIUMCONST    	0000	0000	0
		_silenceV      		MEDIUMCONST    	0000	0000	0
		_silenceC_M    		MEDIUMCONST    	0000	0000	0
		_silenceD_M    		MEDIUMCONST    	0000	0000	0
		_silenceF_M    		MEDIUMCONST    	0000	0000	0
		_silenceN_M    		MEDIUMCONST    	0000	0000	0
		_silenceC_P    		MEDIUMCONST    	0000	0000	0
		_silenceD_P    		MEDIUMCONST    	0000	0000	0
		_silenceF_P    		MEDIUMCONST    	0000	0000	0
		_silenceS_M    		MEDIUMCONST    	0000	0000	0
		_silenceT_M    		MEDIUMCONST    	0000	0000	0
		_silenceV_M    		MEDIUMCONST    	0000	0000	0
		_silenceN_P    		MEDIUMCONST    	0000	0000	0
		_silenceS_P    		MEDIUMCONST    	0000	0000	0
		_silenceT_P    		MEDIUMCONST    	0000	0000	0
		_silenceV_P    		MEDIUMCONST    	0000	0000	0
		_prot_2260     		MEDIUMCONST    	0000	0000	0
		_bit0S_M       		MEDIUMCONST    	0000	0000	0
		i2_dtoa        		CODE           	712A	0000	416
		_bit128        		MEDIUMCONST    	0000	0000	0
		i2_EUSART1_IsTxReady		CODE           	9C14	0000	38
		_bit0S_P       		MEDIUMCONST    	0000	0000	0
		i2___lldiv     		CODE           	8FC0	0000	164
		_debutbitC     		MEDIUMCONST    	0000	0000	0
		_debutbitD     		MEDIUMCONST    	0000	0000	0
		_debutbitF     		MEDIUMCONST    	0000	0000	0
		_debutbitN     		MEDIUMCONST    	0000	0000	0
		_debutbitS     		MEDIUMCONST    	0000	0000	0
		__initialization		CODE           	9228	0000	136
		_I2C1_Host     		MEDIUMCONST    	F36D	0000	20
		_bit1S_M       		MEDIUMCONST    	0000	0000	0
		_debutbitC_M   		MEDIUMCONST    	F407	0000	2
		_debutbitD_M   		MEDIUMCONST    	0000	0000	0
		_debutbitF_M   		MEDIUMCONST    	0000	0000	0
		_debutbitN_M   		MEDIUMCONST    	0000	0000	0
		_debutbitC_P   		MEDIUMCONST    	F405	0000	2
		_debutbitD_P   		MEDIUMCONST    	0000	0000	0
		_debutbitF_P   		MEDIUMCONST    	0000	0000	0
		_debutbitS_M   		MEDIUMCONST    	0000	0000	0
		_debutbitN_P   		MEDIUMCONST    	0000	0000	0
		_debutbitS_P   		MEDIUMCONST    	0000	0000	0
		_bit0F         		MEDIUMCONST    	0000	0000	0
		_i2c1_eventTable		MEDIUMCONST    	F381	0000	18
		_bit96         		MEDIUMCONST    	0000	0000	0
		_UART1         		MEDIUMCONST    	F327	0000	48
		_bit0N_M       		MEDIUMCONST    	0000	0000	0
		_bit1S_P       		MEDIUMCONST    	0000	0000	0
		i2_EUSART1_Write		CODE           	9F2A	0000	8
		i2___aldiv     		CODE           	7FC0	0000	266
		_syncT         		MEDIUMCONST    	F39F	0000	2
		_prot_came     		MEDIUMCONST    	0000	0000	0
		_bit1F         		MEDIUMCONST    	0000	0000	0
		_bit0N_P       		MEDIUMCONST    	0000	0000	0
		_prot_cardin   		MEDIUMCONST    	0000	0000	0
		_bit1N_M       		MEDIUMCONST    	0000	0000	0
		_bit0C_M       		MEDIUMCONST    	0000	0000	0
		i2___llmod     		CODE           	93CE	0000	136
		_toleranceC    		MEDIUMCONST    	0000	0000	0
		_toleranceD    		MEDIUMCONST    	0000	0000	0
		_toleranceF    		MEDIUMCONST    	0000	0000	0
		_toleranceN    		MEDIUMCONST    	0000	0000	0
		_toleranceS    		MEDIUMCONST    	0000	0000	0
		_toleranceT    		MEDIUMCONST    	0000	0000	0
		_toleranceV    		MEDIUMCONST    	0000	0000	0
		_bit1N_P       		MEDIUMCONST    	0000	0000	0
		_Timer0        		MEDIUMCONST    	F357	0000	22
		_bit0C_P       		MEDIUMCONST    	0000	0000	0
		_Err_wrong_range_bit		MEDIUMCONST    	F411	0000	1
		_prot_somfy    		MEDIUMCONST    	0000	0000	0
		_bit1C_M       		MEDIUMCONST    	0000	0000	0
		_Err_sym_bit   		MEDIUMCONST    	0000	0000	0
		_bit0S         		MEDIUMCONST    	0000	0000	0
		i2___almod     		CODE           	8484	0000	234
		_bit1C_P       		MEDIUMCONST    	0000	0000	0
		_bit0D_M       		MEDIUMCONST    	F3EF	0000	2
		_bit1S         		MEDIUMCONST    	0000	0000	0
		i2_fputc       		CODE           	8B02	0000	186
		i2_fputs       		CODE           	99D8	0000	64
		_bit0D_P       		MEDIUMCONST    	F3ED	0000	2
		_bit0N         		MEDIUMCONST    	0000	0000	0
		_bit1D_M       		MEDIUMCONST    	F3EB	0000	2
		_bit1D_P       		MEDIUMCONST    	F3E9	0000	2
		_bit1N         		MEDIUMCONST    	0000	0000	0

shared estimated size: 3809

C:\Program Files\Microchip\xc8\v3.00\pic\sources\c99\common\nf_fputs.c
		_fputs         		CODE           	9950	0000	68

C:\Program Files\Microchip\xc8\v3.00\pic\sources\c99\common\nf_fputs.c estimated size: 68

C:\Program Files\Microchip\xc8\v3.00\pic\sources\c99\common\strlen.c
		_strlen        		CODE           	9774	0000	84

C:\Program Files\Microchip\xc8\v3.00\pic\sources\c99\common\strlen.c estimated size: 84

C:\Program Files\Microchip\xc8\v3.00\pic\sources\c99\common\strcmp.c
		_strcmp        		CODE           	95D0	0000	118

C:\Program Files\Microchip\xc8\v3.00\pic\sources\c99\common\strcmp.c estimated size: 118

mcc_generated_files/system/src/clock.c
		_CLOCK_Initialize		CODE           	9EEE	0000	12

mcc_generated_files/system/src/clock.c estimated size: 12

mcc_generated_files/i2c_host/src/mssp.c
		_I2C1_Tasks    		CODE           	9A18	0000	60
		_I2C1_EVENT_SEND_WR_ADDR		CODE           	9E88	0000	14
		_I2C1_NackSend 		CODE           	9F38	0000	6
		_I2C1_ErrorEventHandler		CODE           	981A	0000	82
		_I2C1_EVENT_RESET		CODE           	9EBE	0000	12
		_I2C1_EVENT_ERROR		CODE           	9ED6	0000	12
		_I2C1_ErrorInterruptClear		CODE           	9F6C	0000	4
		_I2C1_StatusFlagsClear		CODE           	9F44	0000	6
		_I2C1_InterruptClear		CODE           	9F68	0000	4
		_I2C1_WriteStart		CODE           	9EB2	0000	12
		_I2C1_EVENT_RX 		CODE           	94DA	0000	126
		_I2C1_EVENT_TX 		CODE           	96B6	0000	100
		_I2C1_ReceiveEnable		CODE           	9F5C	0000	4
		_I2C1_RestartEnable		CODE           	9F54	0000	4
		_I2C1_EventHandler		CODE           	87F0	0000	202
		_I2C1_DataReceive		CODE           	9F60	0000	4
		_I2C1_IsData   		CODE           	9D50	0000	20
		_I2C1_IsNack   		CODE           	9D3C	0000	20
		_I2C1_IsAddr   		CODE           	9D64	0000	20
		_I2C1_IsBusy   		CODE           	9B60	0000	48
		_I2C1_EVENT_IDLE		CODE           	9F22	0000	8
		_I2C1_EVENT_NACK		CODE           	9EE2	0000	12
		_I2C1_ErrorGet 		CODE           	9EA4	0000	14
		_I2C1_EVENT_SEND_RD_ADDR		CODE           	9E96	0000	14
		_I2C1_EVENT_STOP		CODE           	9ECA	0000	12
		_I2C1_BusReset 		CODE           	9F4A	0000	6
		_I2C1_Initialize		CODE           	9E66	0000	18
		_I2C1_Close    		CODE           	9BC0	0000	42
		_I2C1_IsRxBufFull		CODE           	9D78	0000	20
		_I2C1_Write    		CODE           	971A	0000	90
		_I2C1_StopSend 		CODE           	9F64	0000	4
		_I2C1_RestartDisable		CODE           	9F58	0000	4
		_I2C1_DataTransmit		CODE           	9EFA	0000	10
		_I2C1_AckSend  		CODE           	9F3E	0000	6
		_I2C1_WriteRead		CODE           	98BA	0000	78
		_I2C1_StartSend		CODE           	9F50	0000	4

mcc_generated_files/i2c_host/src/mssp.c estimated size: 1102

C:\Program Files\Microchip\xc8\v3.00\pic\sources\c99\common\awdiv.c
		___awdiv       		CODE           	8982	0000	196

C:\Program Files\Microchip\xc8\v3.00\pic\sources\c99\common\awdiv.c estimated size: 196

mcc_generated_files/timer/src/tmr0.c
		_TMR0_OverflowCallbackRegister		CODE           	9F0E	0000	10
		_TMR0_Initialize		CODE           	9BEA	0000	42
		_TMR0_Start    		CODE           	9F70	0000	4

mcc_generated_files/timer/src/tmr0.c estimated size: 56

main.c
		_erreur_xmodem 		CODE           	9E54	0000	18
		_trouve_code_nice		CODE           	7C88	0000	280
		_UART_WriteByte		CODE           	9558	0000	120
		_lit_eprom_int 		CODE           	9D26	0000	22
		_lit_eprom_ext 		CODE           	7466	0000	396
		_fin_cardin    		CODE           	9E04	0000	20
		_decode_nice_b0b6		CODE           	402A	0000	1710
		_menu          		CODE           	81BA	0000	240
		_ISR_high      		CODE           	0008	0000	8190
		_UART_ProcessCommand		CODE           	82AA	0000	238
		_fin_2260      		CODE           	9E2C	0000	20
		_fin_somfy     		CODE           	9DC8	0000	20
		_main          		CODE           	38B2	0000	1912
		_UART1_WriteString		CODE           	856E	0000	224
		_stocke_telecommande		CODE           	520A	0000	1250
		_miroir64      		CODE           	46D8	0000	1558
		_fin_1527      		CODE           	9E40	0000	20
		_ecrit_bloc_eprom_int		CODE           	9646	0000	112
		_decode_2260   		CODE           	8DCE	0000	166
		_decode_1527   		CODE           	8E74	0000	166
		_decode_somfy  		CODE           	4CEE	0000	1308
		_fin_fobloqf   		CODE           	9DF0	0000	20
		_KeeLoq_Decrypt		CODE           	64A6	0000	660
		_decode_cardin 		CODE           	72CA	0000	412
		_raz_bits      		CODE           	9F04	0000	10
		_code_b0b6_nice_valide		CODE           	986C	0000	78
		_UART_ExecuteCommand		CODE           	200A	0000	3796
		_fin_niceflors 		CODE           	9DDC	0000	20
		_Affiche       		CODE           	80CA	0000	240
		_Affiche4      		CODE           	9B90	0000	48
		_KeeLoq_Decrypt2		CODE           	6184	0000	802
		_num_telecommande_int		CODE           	673A	0000	622
		_decode_fobloqf		CODE           	92BA	0000	138
		_fin_came      		CODE           	9E18	0000	20
		_calccrc       		CODE           	9194	0000	148
		_recoit_xmodem 		CODE           	5E0E	0000	886
		_ecrit_bloc_eprom_ext		CODE           	6BF2	0000	456
		_affiche_enregistrement		CODE           	2EDE	0000	2516
		_lit_bloc_eprom_ext		CODE           	75F2	0000	376
		_traitementCode		CODE           	6DBA	0000	454
		_ecrit_eprom_int		CODE           	97C8	0000	82
		_trouve_code_algo_nice		CODE           	776A	0000	360
		_decode_b06_nice		CODE           	69A8	0000	586
		_nlf           		CODE           	9AC6	0000	52
		_attend_rx     		CODE           	88BA	0000	200
		_attend_rx_30  		CODE           	8720	0000	208

main.c estimated size: 31180

mcc_generated_files/uart/src/eusart1.c
		_EUSART1_Initialize		CODE           	9A54	0000	60
		_putch         		CODE           	9C3A	0000	34
		_EUSART1_DefaultFramingErrorCallback		CODE           	9F74	0000	2
		_EUSART1_Read  		CODE           	9456	0000	132
		_EUSART1_Write 		CODE           	9DA0	0000	20
		_EUSART1_FramingErrorCallbackRegister		CODE           	9C9A	0000	30
		_EUSART1_IsRxReady		CODE           	9D8C	0000	20
		_EUSART1_IsTxReady		CODE           	9B2E	0000	50
		_EUSART1_OverrunErrorCallbackRegister		CODE           	9C7C	0000	30
		_EUSART1_DefaultOverrunErrorCallback		CODE           	9F32	0000	6

mcc_generated_files/uart/src/eusart1.c estimated size: 384

C:\Program Files\Microchip\xc8\v3.00\pic\sources\c99\common\aldiv.c
		___aldiv       		CODE           	7EB4	0000	268

C:\Program Files\Microchip\xc8\v3.00\pic\sources\c99\common\aldiv.c estimated size: 268

C:\Program Files\Microchip\xc8\v3.00\pic\sources\c99\common\doprnt.c
		_read_prec_or_width		CODE           	8BBC	0000	178
		_vfpfcnvrt     		CODE           	56EC	0000	918
		_pad           		CODE           	9064	0000	154
		_dtoa          		CODE           	6F80	0000	426
		_vfprintf      		CODE           	9908	0000	72
		_utoa          		CODE           	7B6A	0000	286
		_xtoa          		CODE           	78D2	0000	336

C:\Program Files\Microchip\xc8\v3.00\pic\sources\c99\common\doprnt.c estimated size: 2370

mcc_generated_files/system/src/system.c
		_SYSTEM_Initialize		CODE           	9CF2	0000	26

mcc_generated_files/system/src/system.c estimated size: 26

