Microchip MPLAB XC8 Compiler V3.00

Linker command line:

-W-3 \
  --edf=C:/Users/moua/.mchp_packs/Microchip/PIC18F-K_DFP/1.15.303/xc8\pic\dat\20250324170814_en.msgs \
  -cn -h+dist/default/debug\telecommande.X.debug.sym \
  --cmf=dist/default/debug\telecommande.X.debug.cmf -z -Q18F26K80 \
  -oC:\Users\moua\AppData\Local\Temp\xcAsb8s.\driver_tmp_3.o \
  --defsym=__MPLAB_BUILD=1 --fixupoverflow=error \
  -Mdist/default/debug/telecommande.X.debug.map \
  --md=C:\Users\moua\AppData\Local\Temp\xcAsb8s.\driver_tmp_0.dat -E1 \
  -ver=XC8 Compiler -ACODE=00h-0FFFFh -ACONST=00h-0FFFFh \
  -ASMALLCONST=01000h-010FFhx240 -AMEDIUMCONST=01000h-0FFFFh \
  -ACOMRAM=01h-05Fh -AABS1=00h-0E40h -ABIGRAM=01h-0E40h \
  -ARAM=060h-0FFh,0100h-01FFhx13,0E00h-0E40h -ABANK0=060h-0FFh \
  -ABANK1=0100h-01FFh -ABANK2=0200h-02FFh -ABANK3=0300h-03FFh \
  -ABANK4=0400h-04FFh -ABANK5=0500h-05FFh -ABANK6=0600h-06FFh \
  -ABANK7=0700h-07FFh -ABANK8=0800h-08FFh -ABANK9=0900h-09FFh \
  -ABANK10=0A00h-0AFFh -ABANK11=0B00h-0BFFh -ABANK12=0C00h-0CFFh \
  -ABANK13=0D00h-0DFFh -ABANK14=0E00h-0E40h \
  -ASFR=0E41h-0EFFh,0F00h-0F5Fh,0F60h-0FFCh -ABIGSFR=0E41h-0FFCh \
  -ACONFIG=0300000h-030000Dh -AIDLOC=0200000h-0200007h \
  -AEEDATA=0F00000h-0F003FFh -peeprom_data=EEDATA \
  -preset_vec=00h,intcode=8h,intcodelo=18h,sivt_lo,sivt_hi=CODE \
  -ppowerup=CODE,init -pramtop=01000h -psmallconst=SMALLCONST \
  -pmediumconst=MEDIUMCONST -pconst=CONST -AFARRAM=00h-00h \
  -prdata=COMRAM,nvrram=COMRAM,nvbit=COMRAM,rbss=COMRAM,rbit=COMRAM \
  -pfarbss=FARRAM,fardata=FARRAM,nvFARRAM=FARRAM \
  -pintsave_regs=BIGRAM,bigbss=BIGRAM,bigdata=BIGRAM -pbss=RAM \
  -pidata=CODE,irdata=CODE,ibigdata=CODE,ifardata=CODE -prparam=COMRAM \
  C:\Users\moua\AppData\Local\Temp\xcAsb8s.\driver_tmp_14.o \
  dist/default/debug\telecommande.X.debug.o 

Object code version is 3.11

Machine type is 18F26K80



                Name                               Link     Load   Length Selector   Space Scale
C:\Users\moua\AppData\Local\Temp\xcAsb8s.\driver_tmp_14.o
                config                           300000   300000        E        0       4
                init                               180A     180A        4        4       0
                reset_vec                             0        0        6        0       0
dist/default/debug\telecommande.X.debug.o
                intcode                               8        8     1802        4       0
                config                           300000   300000        E        0       4
                temp                                 4F       4F        1        1       1
                mediumconst                        F3D4     F3D4      C2C     79EA       0
                text132                            93C0     93C0        C        4       0
                text131                            92FA     92FA       14        4       0
                text130                            92E6     92E6       14        4       0
                text129                            92D2     92D2       14        4       0
                text128                            92BE     92BE       14        4       0
                text127                            7612     7612      10A        4       0
                text126                            79E6     79E6       EA        4       0
                text125                            8FF0     8FF0       34        4       0
                text124                            910A     910A       26        4       0
                text123                            93E8     93E8        8        4       0
                text122                            91AE     91AE       1E        4       0
                text121                            8146     8146       BA        4       0
                text120                            8ECE     8ECE       40        4       0
                text119                            85F4     85F4       96        4       0
                text118                            67B4     67B4      1A0        4       0
                text117                            8362     8362       B0        4       0
                text116                            84B8     84B8       A4        4       0
                text115                            88C4     88C4       88        4       0
                text114                            73F2     73F2      114        4       0
                text113                            707A     707A      148        4       0
                text112                            519C     519C      390        4       0
                text111                            8E8A     8E8A       44        4       0
                text110                            9202     9202       1A        4       0
                text108                            93B4     93B4        C        4       0
                text107                            9190     9190       1E        4       0
                text106                            9172     9172       1E        4       0
                text105                            8F4A     8F4A       3C        4       0
                text104                            9320     9320       12        4       0
                text103                            92AA     92AA       14        4       0
                text102                            9152     9152       20        4       0
                text101                            93D6     93D6        A        4       0
                text100                            90E0     90E0       2A        4       0
                text99                             91E8     91E8       1A        4       0
                text98                             942E     942E        4        4       0
                text97                             9024     9024       32        4       0
                text96                             9296     9296       14        4       0
                text95                             8C6A     8C6A       54        4       0
                text94                             7BB2     7BB2       E0        4       0
                text93                             9282     9282       14        4       0
                text92                             7506     7506      10C        4       0
                text91                             78FA     78FA       EC        4       0
                text90                             8F86     8F86       36        4       0
                text89                             9130     9130       22        4       0
                text88                             808A     808A       BC        4       0
                text87                             8E46     8E46       44        4       0
                text86                             855C     855C       98        4       0
                text85                             6610     6610      1A4        4       0
                text84                             8200     8200       B2        4       0
                text83                             8412     8412       A6        4       0
                text82                             883A     883A       8A        4       0
                text81                             72DA     72DA      118        4       0
                text80                             6F30     6F30      14A        4       0
                text79                             4E06     4E06      396        4       0
                text78                             8DFE     8DFE       48        4       0
                text77                             91CC     91CC       1C        4       0
                text76                             9086     9086       30        4       0
                text75                             82B2     82B2       B0        4       0
                text74                             93A8     93A8        C        4       0
                text73                             26E4     26E4      9B4        4       0
                text72                             935E     935E        E        4       0
                text71                             9408     9408        6        4       0
                text70                             942A     942A        4        4       0
                text69                             9426     9426        4        4       0
                text68                             9402     9402        6        4       0
                text67                             90B6     90B6       2A        4       0
                text66                             9422     9422        4        4       0
                text65                             93FC     93FC        6        4       0
                text64                             941E     941E        4        4       0
                text63                             926E     926E       14        4       0
                text62                             93F6     93F6        6        4       0
                text61                             941A     941A        4        4       0
                text60                             9416     9416        4        4       0
                text59                             93CC     93CC        A        4       0
                text58                             9412     9412        4        4       0
                text57                             8BAC     8BAC       64        4       0
                text56                             93E0     93E0        8        4       0
                text55                             9350     9350        E        4       0
                text54                             9342     9342        E        4       0
                text53                             89D0     89D0       7E        4       0
                text52                             939C     939C        C        4       0
                text51                             9390     9390        C        4       0
                text50                             9384     9384        C        4       0
                text49                             9378     9378        C        4       0
                text48                             8D10     8D10       52        4       0
                text47                             925A     925A       14        4       0
                text46                             9246     9246       14        4       0
                text45                             9232     9232       14        4       0
                text44                             7E34     7E34       CA        4       0
                text43                             8F0E     8F0E       3C        4       0
                text42                             9056     9056       30        4       0
                text41                             940E     940E        4        4       0
                text40                             936C     936C        C        4       0
                text39                             8DB0     8DB0       4E        4       0
                text38                             6C64     6C64      17C        4       0
                text37                             6954     6954      190        4       0
                text36                             921C     921C       16        4       0
                text35                             7AD0     7AD0       E2        4       0
                text34                             9432     9432        2        4       0
                text33                             93F0     93F0        6        4       0
                text32                             894C     894C       84        4       0
                text31                             8A4E     8A4E       78        4       0
                text30                             7EFE     7EFE       C8        4       0
                text29                             7D64     7D64       D0        4       0
                text28                             868A     868A       94        4       0
                text27                             8C10     8C10       5A        4       0
                text26                             6454     6454      1BC        4       0
                text25                             8CBE     8CBE       52        4       0
                text24                             8B3C     8B3C       70        4       0
                text23                             930E     930E       12        4       0
                text22                             584E     584E      2E2        4       0
                text21                             8AC6     8AC6       76        4       0
                text20                             180E     180E      ED6        4       0
                text19                             780C     780C       EE        4       0
                text18                             7C92     7C92       D2        4       0
                text17                             7FC6     7FC6       C4        4       0
                text16                             71C2     71C2      118        4       0
                text15                             6DE0     6DE0      150        4       0
                text14                             6032     6032      24E        4       0
                text13                             771C     771C       F0        4       0
                text12                             5B30     5B30      294        4       0
                text11                             8FBC     8FBC       34        4       0
                text10                             552C     552C      322        4       0
                text9                              6AE4     6AE4      180        4       0
                text8                              3E30     3E30      616        4       0
                text7                              87B0     87B0       8A        4       0
                text6                              8D62     8D62       4E        4       0
                text5                              3798     3798      698        4       0
                text4                              4926     4926      4E0        4       0
                text3                              5DC4     5DC4      26E        4       0
                text2                              4446     4446      4E0        4       0
                text1                              6280     6280      1D4        4       0
                text0                              3098     3098      700        4       0
                cstackCOMRAM                          1        1       45        1       1
                cstackBANK0                          60       60       7A       60       1
                cstackBANK1                         1C7      1C7       27      100       1
                bssBIGRAM                           582      582      320      582       1
                bssBANK5                            500      500       82      500       1
                bssBANK4                            400      400       82      400       1
                bssBANK3                            300      300       82      300       1
                bssBANK2                            200      200       FA      200       1
                dataBANK1                           1EE      1EE       10      100       1
                bssBANK1                            100      100       C7      100       1
                bssBANK0                             DA       DA       14       60       1
                bssCOMRAM                            46       46        9        1       1
                cinit                              871E     871E       92        4       0
                nvBANK1                             1FE      1FE        2      100       1
                idataBANK1                         9332     9332       10        4       0

TOTAL           Name                               Link     Load   Length     Space
        CLASS   CODE           
                intcode                               8        8     1802         0
                init                               180A     180A        4         0
                reset_vec                             0        0        6         0
                text132                            93C0     93C0        C         0
                text131                            92FA     92FA       14         0
                text130                            92E6     92E6       14         0
                text129                            92D2     92D2       14         0
                text128                            92BE     92BE       14         0
                text127                            7612     7612      10A         0
                text126                            79E6     79E6       EA         0
                text125                            8FF0     8FF0       34         0
                text124                            910A     910A       26         0
                text123                            93E8     93E8        8         0
                text122                            91AE     91AE       1E         0
                text121                            8146     8146       BA         0
                text120                            8ECE     8ECE       40         0
                text119                            85F4     85F4       96         0
                text118                            67B4     67B4      1A0         0
                text117                            8362     8362       B0         0
                text116                            84B8     84B8       A4         0
                text115                            88C4     88C4       88         0
                text114                            73F2     73F2      114         0
                text113                            707A     707A      148         0
                text112                            519C     519C      390         0
                text111                            8E8A     8E8A       44         0
                text110                            9202     9202       1A         0
                text108                            93B4     93B4        C         0
                text107                            9190     9190       1E         0
                text106                            9172     9172       1E         0
                text105                            8F4A     8F4A       3C         0
                text104                            9320     9320       12         0
                text103                            92AA     92AA       14         0
                text102                            9152     9152       20         0
                text101                            93D6     93D6        A         0
                text100                            90E0     90E0       2A         0
                text99                             91E8     91E8       1A         0
                text98                             942E     942E        4         0
                text97                             9024     9024       32         0
                text96                             9296     9296       14         0
                text95                             8C6A     8C6A       54         0
                text94                             7BB2     7BB2       E0         0
                text93                             9282     9282       14         0
                text92                             7506     7506      10C         0
                text91                             78FA     78FA       EC         0
                text90                             8F86     8F86       36         0
                text89                             9130     9130       22         0
                text88                             808A     808A       BC         0
                text87                             8E46     8E46       44         0
                text86                             855C     855C       98         0
                text85                             6610     6610      1A4         0
                text84                             8200     8200       B2         0
                text83                             8412     8412       A6         0
                text82                             883A     883A       8A         0
                text81                             72DA     72DA      118         0
                text80                             6F30     6F30      14A         0
                text79                             4E06     4E06      396         0
                text78                             8DFE     8DFE       48         0
                text77                             91CC     91CC       1C         0
                text76                             9086     9086       30         0
                text75                             82B2     82B2       B0         0
                text74                             93A8     93A8        C         0
                text73                             26E4     26E4      9B4         0
                text72                             935E     935E        E         0
                text71                             9408     9408        6         0
                text70                             942A     942A        4         0
                text69                             9426     9426        4         0
                text68                             9402     9402        6         0
                text67                             90B6     90B6       2A         0
                text66                             9422     9422        4         0
                text65                             93FC     93FC        6         0
                text64                             941E     941E        4         0
                text63                             926E     926E       14         0
                text62                             93F6     93F6        6         0
                text61                             941A     941A        4         0
                text60                             9416     9416        4         0
                text59                             93CC     93CC        A         0
                text58                             9412     9412        4         0
                text57                             8BAC     8BAC       64         0
                text56                             93E0     93E0        8         0
                text55                             9350     9350        E         0
                text54                             9342     9342        E         0
                text53                             89D0     89D0       7E         0
                text52                             939C     939C        C         0
                text51                             9390     9390        C         0
                text50                             9384     9384        C         0
                text49                             9378     9378        C         0
                text48                             8D10     8D10       52         0
                text47                             925A     925A       14         0
                text46                             9246     9246       14         0
                text45                             9232     9232       14         0
                text44                             7E34     7E34       CA         0
                text43                             8F0E     8F0E       3C         0
                text42                             9056     9056       30         0
                text41                             940E     940E        4         0
                text40                             936C     936C        C         0
                text39                             8DB0     8DB0       4E         0
                text38                             6C64     6C64      17C         0
                text37                             6954     6954      190         0
                text36                             921C     921C       16         0
                text35                             7AD0     7AD0       E2         0
                text34                             9432     9432        2         0
                text33                             93F0     93F0        6         0
                text32                             894C     894C       84         0
                text31                             8A4E     8A4E       78         0
                text30                             7EFE     7EFE       C8         0
                text29                             7D64     7D64       D0         0
                text28                             868A     868A       94         0
                text27                             8C10     8C10       5A         0
                text26                             6454     6454      1BC         0
                text25                             8CBE     8CBE       52         0
                text24                             8B3C     8B3C       70         0
                text23                             930E     930E       12         0
                text22                             584E     584E      2E2         0
                text21                             8AC6     8AC6       76         0
                text20                             180E     180E      ED6         0
                text19                             780C     780C       EE         0
                text18                             7C92     7C92       D2         0
                text17                             7FC6     7FC6       C4         0
                text16                             71C2     71C2      118         0
                text15                             6DE0     6DE0      150         0
                text14                             6032     6032      24E         0
                text13                             771C     771C       F0         0
                text12                             5B30     5B30      294         0
                text11                             8FBC     8FBC       34         0
                text10                             552C     552C      322         0
                text9                              6AE4     6AE4      180         0
                text8                              3E30     3E30      616         0
                text7                              87B0     87B0       8A         0
                text6                              8D62     8D62       4E         0
                text5                              3798     3798      698         0
                text4                              4926     4926      4E0         0
                text3                              5DC4     5DC4      26E         0
                text2                              4446     4446      4E0         0
                text1                              6280     6280      1D4         0
                text0                              3098     3098      700         0
                cinit                              871E     871E       92         0
                idataBANK1                         9332     9332       10         0

        CLASS   CONST          

        CLASS   SMALLCONST     

        CLASS   MEDIUMCONST    
                mediumconst                        F3D4     F3D4      C2C         0

        CLASS   COMRAM         
                temp                                 4F       4F        1         1
                cstackCOMRAM                          1        1       45         1
                bssCOMRAM                            46       46        9         1

        CLASS   ABS1           

        CLASS   BIGRAM         
                bssBIGRAM                           582      582      320         1

        CLASS   RAM            

        CLASS   BANK0          
                cstackBANK0                          60       60       7A         1
                bssBANK0                             DA       DA       14         1

        CLASS   BANK1          
                cstackBANK1                         1C7      1C7       27         1
                dataBANK1                           1EE      1EE       10         1
                bssBANK1                            100      100       C7         1
                nvBANK1                             1FE      1FE        2         1

        CLASS   BANK2          
                bssBANK2                            200      200       FA         1

        CLASS   BANK3          
                bssBANK3                            300      300       82         1

        CLASS   BANK4          
                bssBANK4                            400      400       82         1

        CLASS   BANK5          
                bssBANK5                            500      500       82         1

        CLASS   BANK6          

        CLASS   BANK7          

        CLASS   BANK8          

        CLASS   BANK9          

        CLASS   BANK10         

        CLASS   BANK11         

        CLASS   BANK12         

        CLASS   BANK13         

        CLASS   BANK14         

        CLASS   SFR            

        CLASS   BIGSFR         

        CLASS   CONFIG         
                config                           300000   300000        E         4

        CLASS   IDLOC          

        CLASS   EEDATA         

        CLASS   FARRAM         

        CLASS   HEAP           

        CLASS   STACK          



SEGMENTS        Name                           Load    Length   Top    Selector   Space  Class

                reset_vec                      000000  000006  000006         0       0  CODE    
                cstackCOMRAM                   000001  00004F  000050         1       1  COMRAM  
                intcode                        000008  00942C  009434         4       0  CODE    
                cstackBANK0                    000060  00008E  0000EE        60       1  BANK0   
                bssBANK1                       000100  000100  000200       100       1  BANK1   
                bssBANK2                       000200  0000FA  0002FA       200       1  BANK2   
                bssBANK3                       000300  000082  000382       300       1  BANK3   
                bssBANK4                       000400  000082  000482       400       1  BANK4   
                bssBANK5                       000500  000082  000582       500       1  BANK5   
                bssBIGRAM                      000582  000320  0008A2       582       1  BIGRAM  
                mediumconst                    00F3D4  000C2C  010000      79EA       0  MEDIUMCO


UNUSED ADDRESS RANGES

        Name                Unused          Largest block    Delta
        BANK0            0000EE-0000FF               12
        BANK10           000A00-000AFF              100
        BANK11           000B00-000BFF              100
        BANK12           000C00-000CFF              100
        BANK13           000D00-000DFF              100
        BANK14           000E00-000E40               41
        BANK2            0002FA-0002FF                6
        BANK3            000382-0003FF               7E
        BANK4            000482-0004FF               7E
        BANK8            0008A2-0008FF               5E
        BANK9            000900-0009FF              100
        BIGRAM           000050-00005F               10
                         0000EE-0000FF               12
                         0002FA-0002FF                6
                         000382-0003FF               7E
                         000482-0004FF               7E
                         0008A2-000E40              59F
        BIGSFR           000E41-000FFC              1BC
        CODE             000006-000007                2
                         009434-00F3D3             5FA0
        COMRAM           000050-00005F               10
        CONST            000006-000007                2
                         009434-00F3D3             5FA0
        EEDATA           F00000-F003FF              400
        IDLOC            200000-200007                8
        MEDIUMCONST      009434-00F3D3             5FA0
        RAM              0000EE-0000FF               12
                         0002FA-0002FF                6
                         000382-0003FF               7E
                         000482-0004FF               7E
                         0008A2-000E40              100
        SFR              000E41-000FFC               BF
        SMALLCONST       009434-00F3D3              100

                                  Symbol Table

?_KeeLoq_Decrypt                                     cstackBANK0  000072
?_KeeLoq_Decrypt2                                    cstackBANK0  00007A
?___aldiv                                            cstackBANK0  000072
?___almod                                            cstackBANK0  000072
?___awdiv                                            cstackBANK0  000072
?___awmod                                            cstackBANK0  000072
?___lldiv                                            cstackBANK0  000072
?___llmod                                            cstackBANK0  000072
?___lomod                                            cstackBANK0  000072
?_abs                                                cstackBANK0  00007C
?_calccrc                                            cstackBANK0  000072
?_miroir64                                           cstackBANK0  000072
?_printf                                             cstackBANK0  0000B0
?_read_prec_or_width                                 cstackBANK0  000072
?_strcmp                                             cstackBANK0  000072
?_strlen                                             cstackBANK0  000072
?_trouve_code_algo_nice                              cstackBANK1  0001C7
?_trouve_code_nice                                   cstackBANK0  0000C9
?_vfprintf                                           cstackBANK0  0000AA
?i2___aldiv                                          cstackCOMRAM 000001
?i2___almod                                          cstackCOMRAM 000001
?i2___lldiv                                          cstackCOMRAM 000001
?i2___llmod                                          cstackCOMRAM 000001
?i2_abs                                              cstackCOMRAM 00000B
?i2_printf                                           cstackCOMRAM 00003F
?i2_read_prec_or_width                               cstackCOMRAM 000001
?i2_vfprintf                                         cstackCOMRAM 000039
Affiche4@codex                                       cstackBANK0  0000BB
Affiche4@p                                           cstackBANK0  0000C3
Affiche@codex                                        cstackBANK0  0000BB
Affiche@p                                            cstackBANK0  0000CB
EUSART1_FramingErrorCallbackRegister@callbackHandler cstackBANK0  000072
EUSART1_OverrunErrorCallbackRegister@callbackHandler cstackBANK0  000072
EUSART1_Write@txData                                 cstackBANK0  000072
I2C1_DataTransmit@data                               cstackBANK0  000072
I2C1_EVENT_ERROR@retEventState                       cstackBANK0  000072
I2C1_EVENT_NACK@retEventState                        cstackBANK0  000072
I2C1_EVENT_RX@retEventState                          cstackBANK0  000072
I2C1_EVENT_TX@retEventState                          cstackBANK0  000073
I2C1_ErrorGet@retErrorState                          cstackBANK0  000072
I2C1_Write@address                                   cstackBANK0  000073
I2C1_Write@data                                      cstackBANK0  000075
I2C1_Write@dataLength                                cstackBANK0  000077
I2C1_Write@retStatus                                 cstackBANK0  000079
I2C1_WriteRead@address                               cstackBANK0  000073
I2C1_WriteRead@readData                              cstackBANK0  000079
I2C1_WriteRead@readLength                            cstackBANK0  00007B
I2C1_WriteRead@writeData                             cstackBANK0  000075
I2C1_WriteRead@writeLength                           cstackBANK0  000077
KeeLoq_Decrypt2@data                                 cstackBANK0  00007C
KeeLoq_Decrypt2@k                                    cstackBANK0  0000AE
KeeLoq_Decrypt2@key                                  cstackBANK0  00007A
KeeLoq_Decrypt2@ki                                   cstackBANK0  0000AF
KeeLoq_Decrypt2@nlf_input                            cstackBANK0  0000AD
KeeLoq_Decrypt2@nrounds                              cstackBANK0  000084
KeeLoq_Decrypt2@o                                    cstackBANK0  0000AC
KeeLoq_Decrypt2@r                                    cstackBANK0  0000B0
KeeLoq_Decrypt2@x                                    cstackBANK0  0000A8
KeeLoq_Decrypt@data                                  cstackBANK0  000072
KeeLoq_Decrypt@key                                   cstackBANK0  00007A
KeeLoq_Decrypt@r                                     cstackBANK0  0000C7
KeeLoq_Decrypt@x                                     cstackBANK0  0000CB
TMR0_OverflowCallbackRegister@callbackHandler        cstackBANK0  000072
UART1_WriteString@i                                  cstackBANK0  00007C
UART1_WriteString@message                            cstackBANK0  000076
UART_ExecuteCommand@chk                              cstackBANK1  0001D0
UART_ExecuteCommand@command                          cstackBANK0  0000C9
UART_ExecuteCommand@ep                               cstackBANK1  0001D5
UART_ExecuteCommand@j                                cstackBANK1  0001CC
UART_ExecuteCommand@j_2536                           cstackBANK1  0001D1
UART_ExecuteCommand@k                                cstackBANK1  0001C7
UART_ExecuteCommand@v                                cstackBANK1  0001CB
UART_WriteByte@b                                     cstackBANK0  000075
_ANCON0                                              (abs)        000F5D
_ANCON1                                              (abs)        000F5C
_Affiche                                             text13       00771C
_Affiche4                                            text76       009086
_AncBp                                               bssBANK1     00018C
_BAUDCON1                                            (abs)        000FA7
_BAUDCON1bits                                        (abs)        000FA7
_BoutonActif                                         bssBANK1     000199
_CLOCK_Initialize                                    text108      0093B4
_EEADR                                               (abs)        000F74
_EEADRH                                              (abs)        000F75
_EECON1bits                                          (abs)        000F7F
_EECON2                                              (abs)        000F7E
_EEDATA                                              (abs)        000F73
_EUSART1_AutoBaudQuery                               (abs)        000000
_EUSART1_AutoBaudSet                                 (abs)        000000
_EUSART1_DefaultFramingErrorCallback                 text34       009432
_EUSART1_DefaultOverrunErrorCallback                 text33       0093F0
_EUSART1_Deinitialize                                (abs)        000000
_EUSART1_ErrorGet                                    (abs)        000000
_EUSART1_FramingErrorCallbackRegister                text107      009190
_EUSART1_FramingErrorHandler                         bssBANK1     000172
_EUSART1_Initialize                                  text105      008F4A
_EUSART1_IsRxReady                                   text93       009282
_EUSART1_IsTxDone                                    (abs)        000000
_EUSART1_IsTxReady                                   text97       009024
_EUSART1_IsTxReady$1743                              cstackBANK0  000072
_EUSART1_IsTxReady$intlevel0                         text97       00902E
_EUSART1_OverrunErrorCallbackRegister                text106      009172
_EUSART1_OverrunErrorHandler                         bssBANK1     000170
_EUSART1_Read                                        text32       00894C
_EUSART1_TransmitDisable                             (abs)        000000
_EUSART1_TransmitEnable                              (abs)        000000
_EUSART1_Write                                       text96       009296
_EUSART1_Write$intlevel0                             text96       0092A0
_Err_wrong_range_bit                                 mediumconst  00F4A7
_I2C1_AckSend                                        text65       0093FC
_I2C1_BusReset                                       text71       009408
_I2C1_Callback                                       bssBANK1     000180
_I2C1_CallbackRegister                               (abs)        000000
_I2C1_Close                                          text67       0090B6
_I2C1_DataReceive                                    text64       00941E
_I2C1_DataTransmit                                   text59       0093CC
_I2C1_Deinitialize                                   (abs)        000000
_I2C1_EVENT_ERROR                                    text51       009390
_I2C1_EVENT_IDLE                                     text56       0093E0
_I2C1_EVENT_NACK                                     text52       00939C
_I2C1_EVENT_RESET                                    text49       009378
_I2C1_EVENT_RX                                       text53       0089D0
_I2C1_EVENT_SEND_RD_ADDR                             text55       009350
_I2C1_EVENT_SEND_WR_ADDR                             text54       009342
_I2C1_EVENT_STOP                                     text50       009384
_I2C1_EVENT_TX                                       text57       008BAC
_I2C1_ErrorEventHandler                              text48       008D10
_I2C1_ErrorGet                                       text72       00935E
_I2C1_ErrorInterruptClear                            text70       00942A
_I2C1_EventHandler                                   text44       007E34
_I2C1_Host                                           mediumconst  00F41B
_I2C1_Initialize                                     text104      009320
_I2C1_InterruptClear                                 text69       009426
_I2C1_IsAddr                                         text47       00925A
_I2C1_IsBusy                                         text42       009056
_I2C1_IsBusy$607                                     cstackBANK0  000072
_I2C1_IsData                                         text46       009246
_I2C1_IsNack                                         text45       009232
_I2C1_IsRxBufFull                                    text63       00926E
_I2C1_NackSend                                       text62       0093F6
_I2C1_Read                                           (abs)        000000
_I2C1_ReceiveEnable                                  text61       00941A
_I2C1_RestartDisable                                 text60       009416
_I2C1_RestartEnable                                  text58       009412
_I2C1_StartSend                                      text41       00940E
_I2C1_StatusFlagsClear                               text68       009402
_I2C1_StopSend                                       text66       009422
_I2C1_Tasks                                          text43       008F0E
_I2C1_Write                                          text27       008C10
_I2C1_WriteRead                                      text39       008DB0
_I2C1_WriteStart                                     text40       00936C
_INT0_InterruptHandler                               bssBANK1     00017E
_INT1_InterruptHandler                               bssBANK1     00017C
_INT2_InterruptHandler                               bssBANK1     00017A
_INT3_InterruptHandler                               bssBANK1     000178
_INTCON2bits                                         (abs)        000FF1
_INTCON3bits                                         (abs)        000FF0
_INTCONbits                                          (abs)        000FF2
_INTERRUPT_Initialize                                text103      0092AA
_IOCB                                                (abs)        000F5A
_IOCBbits                                            (abs)        000F5A
_ISR_high                                            intcode      000008
_KeeLoq_Decrypt                                      text12       005B30
_KeeLoq_Decrypt2                                     text10       00552C
_LATA                                                (abs)        000F89
_LATB                                                (abs)        000F8A
_LATC                                                (abs)        000F8B
_Nb0                                                 bssBANK1     00015E
_NbreBits                                            bssCOMRAM    000046
_NbreBitsMsg                                         bssBANK1     000162
_OSCCON                                              (abs)        000FD3
_OSCCON2                                             (abs)        000FD2
_OSCTUNE                                             (abs)        000F9B
_PIN_MANAGER_Initialize                              text102      009152
_PIR1bits                                            (abs)        000F9E
_PIR2bits                                            (abs)        000FA1
_RA3                                                 (abs)        007C03
_RA5                                                 (abs)        007C05
_RB2                                                 (abs)        007C0A
_RB4                                                 (abs)        007C0C
_RC0                                                 (abs)        007C10
_RCONbits                                            (abs)        000FD0
_RCREG1                                              (abs)        000FAE
_RCSTA1                                              (abs)        000FAB
_RCSTA1bits                                          (abs)        000FAB
_REFOCON                                             (abs)        000F9A
_Rx_prec                                             bssBANK1     000197
_SPBRG1                                              (abs)        000FAF
_SPBRGH1                                             (abs)        000F7D
_SSPADD                                              (abs)        000FC8
_SSPBUF                                              (abs)        000FC9
_SSPCON1                                             (abs)        000FC6
_SSPCON1bits                                         (abs)        000FC6
_SSPCON2                                             (abs)        000FC5
_SSPCON2bits                                         (abs)        000FC5
_SSPSTAT                                             (abs)        000FC7
_SSPSTATbits                                         (abs)        000FC7
_SYSTEM_Initialize                                   text99       0091E8
_SilenceSomfy                                        bssBANK1     000187
_T0CON                                               (abs)        000FD5
_T0CONbits                                           (abs)        000FD5
_TMR0                                                (abs)        000FD6
_TMR0H                                               (abs)        000FD7
_TMR0L                                               (abs)        000FD6
_TMR0_CounterGet                                     (abs)        000000
_TMR0_CounterSet                                     (abs)        000000
_TMR0_DefaultOverflowCallback                        (abs)        000000
_TMR0_Deinitialize                                   (abs)        000000
_TMR0_Initialize                                     text100      0090E0
_TMR0_MaxCountGet                                    (abs)        000000
_TMR0_OverflowCallback                               nvBANK1      0001FE
_TMR0_OverflowCallbackRegister                       text101      0093D6
_TMR0_PeriodGet                                      (abs)        000000
_TMR0_PeriodSet                                      (abs)        000000
_TMR0_Start                                          text98       00942E
_TMR0_Stop                                           (abs)        000000
_TMR0_Tasks                                          (abs)        000000
_TRISA                                               (abs)        000F92
_TRISB                                               (abs)        000F93
_TRISC                                               (abs)        000F94
_TXREG1                                              (abs)        000FAD
_TXSTA1                                              (abs)        000FAC
_TXSTA1bits                                          (abs)        000FAC
_Timer0                                              mediumconst  00F405
_UART1                                               mediumconst  00F3D5
_UART1_WriteString                                   text94       007BB2
_UART_ExecuteCommand                                 text20       00180E
_UART_ProcessCommand                                 text19       00780C
_UART_WriteByte                                      text31       008A4E
_WPUB                                                (abs)        000F5B
__HRAM                                               (abs)        000000
__H__absolute__                                      __absolute__ 000000
__Habs1                                              abs1         000000
__Hbank0                                             bank0        000000
__Hbank1                                             bank1        000000
__Hbank10                                            bank10       000000
__Hbank11                                            bank11       000000
__Hbank12                                            bank12       000000
__Hbank13                                            bank13       000000
__Hbank14                                            bank14       000000
__Hbank2                                             bank2        000000
__Hbank3                                             bank3        000000
__Hbank4                                             bank4        000000
__Hbank5                                             bank5        000000
__Hbank6                                             bank6        000000
__Hbank7                                             bank7        000000
__Hbank8                                             bank8        000000
__Hbank9                                             bank9        000000
__Hbigbss                                            bigbss       000000
__Hbigdata                                           bigdata      000000
__Hbigram                                            bigram       000000
__Hbigsfr                                            bigsfr       000000
__Hbss                                               bss          000000
__HbssBANK0                                          bssBANK0     000000
__HbssBANK1                                          bssBANK1     000000
__HbssBANK2                                          bssBANK2     000000
__HbssBANK3                                          bssBANK3     000000
__HbssBANK4                                          bssBANK4     000000
__HbssBANK5                                          bssBANK5     000000
__HbssBIGRAM                                         bssBIGRAM    000000
__HbssCOMRAM                                         bssCOMRAM    000000
__Hcinit                                             cinit        000000
__Hclrtext                                           clrtext      000000
__Hcomram                                            comram       000000
__Hconfig                                            config       30000E
__Hconst                                             const        000000
__HcstackBANK0                                       cstackBANK0  000000
__HcstackBANK1                                       cstackBANK1  000000
__HcstackCOMRAM                                      cstackCOMRAM 000000
__Hdata                                              data         000000
__HdataBANK1                                         dataBANK1    000000
__Heeprom_data                                       eeprom_data  000000
__Hfarbss                                            farbss       000000
__Hfardata                                           fardata      000000
__Hheap                                              heap         000000
__Hibigdata                                          ibigdata     000000
__Hidata                                             idata        000000
__HidataBANK1                                        idataBANK1   000000
__Hidloc                                             idloc        000000
__Hifardata                                          ifardata     000000
__Hinit                                              init         00180E
__Hintcode                                           intcode      00180A
__Hintcode_body                                      intcode_body 000000
__Hintcodelo                                         intcodelo    000018
__Hintentry                                          intentry     000000
__Hintret                                            intret       000000
__Hintsave_regs                                      intsave_regs 000000
__Hirdata                                            irdata       000000
__Hmediumconst                                       mediumconst  010000
__HnvBANK1                                           nvBANK1      000000
__HnvFARRAM                                          nvFARRAM     000000
__Hnvbit                                             nvbit        000000
__Hnvrram                                            nvrram       000000
__Hparam                                             rparam       000000
__Hpowerup                                           powerup      000000
__Hram                                               ram          000000
__Hramtop                                            ramtop       001000
__Hrbit                                              rbit         000000
__Hrbss                                              rbss         000000
__Hrdata                                             rdata        000000
__Hreset_vec                                         reset_vec    000006
__Hrparam                                            rparam       000000
__Hsfr                                               sfr          000000
__Hsivt_hi                                           sivt_hi      000000
__Hsivt_lo                                           sivt_lo      000018
__Hsmallconst                                        smallconst   000000
__Hspace_0                                           (abs)        010000
__Hspace_1                                           (abs)        0008A2
__Hspace_2                                           (abs)        000000
__Hspace_4                                           (abs)        60000E
__Hstack                                             stack        000000
__Hstruct                                            struct       000000
__Htemp                                              temp         000050
__Htext                                              text         000000
__Htext0                                             text0        000000
__Htext1                                             text1        000000
__Htext10                                            text10       000000
__Htext100                                           text100      000000
__Htext101                                           text101      000000
__Htext102                                           text102      000000
__Htext103                                           text103      000000
__Htext104                                           text104      000000
__Htext105                                           text105      000000
__Htext106                                           text106      000000
__Htext107                                           text107      000000
__Htext108                                           text108      000000
__Htext11                                            text11       000000
__Htext110                                           text110      000000
__Htext111                                           text111      000000
__Htext112                                           text112      000000
__Htext113                                           text113      000000
__Htext114                                           text114      000000
__Htext115                                           text115      000000
__Htext116                                           text116      000000
__Htext117                                           text117      000000
__Htext118                                           text118      000000
__Htext119                                           text119      000000
__Htext12                                            text12       000000
__Htext120                                           text120      000000
__Htext121                                           text121      000000
__Htext122                                           text122      000000
__Htext123                                           text123      000000
__Htext124                                           text124      000000
__Htext125                                           text125      000000
__Htext126                                           text126      000000
__Htext127                                           text127      000000
__Htext128                                           text128      000000
__Htext129                                           text129      000000
__Htext13                                            text13       000000
__Htext130                                           text130      000000
__Htext131                                           text131      000000
__Htext132                                           text132      000000
__Htext14                                            text14       000000
__Htext15                                            text15       000000
__Htext16                                            text16       000000
__Htext17                                            text17       000000
__Htext18                                            text18       000000
__Htext19                                            text19       000000
__Htext2                                             text2        000000
__Htext20                                            text20       000000
__Htext21                                            text21       000000
__Htext22                                            text22       000000
__Htext23                                            text23       000000
__Htext24                                            text24       000000
__Htext25                                            text25       000000
__Htext26                                            text26       000000
__Htext27                                            text27       000000
__Htext28                                            text28       000000
__Htext29                                            text29       000000
__Htext3                                             text3        000000
__Htext30                                            text30       000000
__Htext31                                            text31       000000
__Htext32                                            text32       000000
__Htext33                                            text33       000000
__Htext34                                            text34       000000
__Htext35                                            text35       000000
__Htext36                                            text36       000000
__Htext37                                            text37       000000
__Htext38                                            text38       000000
__Htext39                                            text39       000000
__Htext4                                             text4        000000
__Htext40                                            text40       000000
__Htext41                                            text41       000000
__Htext42                                            text42       000000
__Htext43                                            text43       000000
__Htext44                                            text44       000000
__Htext45                                            text45       000000
__Htext46                                            text46       000000
__Htext47                                            text47       000000
__Htext48                                            text48       000000
__Htext49                                            text49       000000
__Htext5                                             text5        000000
__Htext50                                            text50       000000
__Htext51                                            text51       000000
__Htext52                                            text52       000000
__Htext53                                            text53       000000
__Htext54                                            text54       000000
__Htext55                                            text55       000000
__Htext56                                            text56       000000
__Htext57                                            text57       000000
__Htext58                                            text58       000000
__Htext59                                            text59       000000
__Htext6                                             text6        000000
__Htext60                                            text60       000000
__Htext61                                            text61       000000
__Htext62                                            text62       000000
__Htext63                                            text63       000000
__Htext64                                            text64       000000
__Htext65                                            text65       000000
__Htext66                                            text66       000000
__Htext67                                            text67       000000
__Htext68                                            text68       000000
__Htext69                                            text69       000000
__Htext7                                             text7        000000
__Htext70                                            text70       000000
__Htext71                                            text71       000000
__Htext72                                            text72       000000
__Htext73                                            text73       000000
__Htext74                                            text74       000000
__Htext75                                            text75       000000
__Htext76                                            text76       000000
__Htext77                                            text77       000000
__Htext78                                            text78       000000
__Htext79                                            text79       000000
__Htext8                                             text8        000000
__Htext80                                            text80       000000
__Htext81                                            text81       000000
__Htext82                                            text82       000000
__Htext83                                            text83       000000
__Htext84                                            text84       000000
__Htext85                                            text85       000000
__Htext86                                            text86       000000
__Htext87                                            text87       000000
__Htext88                                            text88       000000
__Htext89                                            text89       000000
__Htext9                                             text9        000000
__Htext90                                            text90       000000
__Htext91                                            text91       000000
__Htext92                                            text92       000000
__Htext93                                            text93       000000
__Htext94                                            text94       000000
__Htext95                                            text95       000000
__Htext96                                            text96       000000
__Htext97                                            text97       000000
__Htext98                                            text98       000000
__Htext99                                            text99       000000
__LRAM                                               (abs)        000001
__L__absolute__                                      __absolute__ 000000
__Labs1                                              abs1         000000
__Lbank0                                             bank0        000000
__Lbank1                                             bank1        000000
__Lbank10                                            bank10       000000
__Lbank11                                            bank11       000000
__Lbank12                                            bank12       000000
__Lbank13                                            bank13       000000
__Lbank14                                            bank14       000000
__Lbank2                                             bank2        000000
__Lbank3                                             bank3        000000
__Lbank4                                             bank4        000000
__Lbank5                                             bank5        000000
__Lbank6                                             bank6        000000
__Lbank7                                             bank7        000000
__Lbank8                                             bank8        000000
__Lbank9                                             bank9        000000
__Lbigbss                                            bigbss       000000
__Lbigdata                                           bigdata      000000
__Lbigram                                            bigram       000000
__Lbigsfr                                            bigsfr       000000
__Lbss                                               bss          000000
__LbssBANK0                                          bssBANK0     000000
__LbssBANK1                                          bssBANK1     000000
__LbssBANK2                                          bssBANK2     000000
__LbssBANK3                                          bssBANK3     000000
__LbssBANK4                                          bssBANK4     000000
__LbssBANK5                                          bssBANK5     000000
__LbssBIGRAM                                         bssBIGRAM    000000
__LbssCOMRAM                                         bssCOMRAM    000000
__Lcinit                                             cinit        000000
__Lclrtext                                           clrtext      000000
__Lcomram                                            comram       000000
__Lconfig                                            config       000000
__Lconst                                             const        000000
__LcstackBANK0                                       cstackBANK0  000000
__LcstackBANK1                                       cstackBANK1  000000
__LcstackCOMRAM                                      cstackCOMRAM 000000
__Ldata                                              data         000000
__LdataBANK1                                         dataBANK1    000000
__Leeprom_data                                       eeprom_data  000000
__Lfarbss                                            farbss       000000
__Lfardata                                           fardata      000000
__Lheap                                              heap         000000
__Libigdata                                          ibigdata     000000
__Lidata                                             idata        000000
__LidataBANK1                                        idataBANK1   000000
__Lidloc                                             idloc        000000
__Lifardata                                          ifardata     000000
__Linit                                              init         00180A
__Lintcode                                           intcode      000008
__Lintcode_body                                      intcode_body 000000
__Lintcodelo                                         intcodelo    000018
__Lintentry                                          intentry     000000
__Lintret                                            intret       000000
__Lintsave_regs                                      intsave_regs 000000
__Lirdata                                            irdata       000000
__Lmediumconst                                       mediumconst  00F3D4
__LnvBANK1                                           nvBANK1      000000
__LnvFARRAM                                          nvFARRAM     000000
__Lnvbit                                             nvbit        000000
__Lnvrram                                            nvrram       000000
__Lparam                                             rparam       000000
__Lpowerup                                           powerup      000000
__Lram                                               ram          000000
__Lramtop                                            ramtop       001000
__Lrbit                                              rbit         000000
__Lrbss                                              rbss         000000
__Lrdata                                             rdata        000000
__Lreset_vec                                         reset_vec    000000
__Lrparam                                            rparam       000000
__Lsfr                                               sfr          000000
__Lsivt_hi                                           sivt_hi      000000
__Lsivt_lo                                           sivt_lo      000018
__Lsmallconst                                        smallconst   000000
__Lspace_0                                           (abs)        000000
__Lspace_1                                           (abs)        000000
__Lspace_2                                           (abs)        000000
__Lspace_4                                           (abs)        000000
__Lstack                                             stack        000000
__Lstruct                                            struct       000000
__Ltemp                                              temp         00004F
__Ltext                                              text         000000
__Ltext0                                             text0        000000
__Ltext1                                             text1        000000
__Ltext10                                            text10       000000
__Ltext100                                           text100      000000
__Ltext101                                           text101      000000
__Ltext102                                           text102      000000
__Ltext103                                           text103      000000
__Ltext104                                           text104      000000
__Ltext105                                           text105      000000
__Ltext106                                           text106      000000
__Ltext107                                           text107      000000
__Ltext108                                           text108      000000
__Ltext11                                            text11       000000
__Ltext110                                           text110      000000
__Ltext111                                           text111      000000
__Ltext112                                           text112      000000
__Ltext113                                           text113      000000
__Ltext114                                           text114      000000
__Ltext115                                           text115      000000
__Ltext116                                           text116      000000
__Ltext117                                           text117      000000
__Ltext118                                           text118      000000
__Ltext119                                           text119      000000
__Ltext12                                            text12       000000
__Ltext120                                           text120      000000
__Ltext121                                           text121      000000
__Ltext122                                           text122      000000
__Ltext123                                           text123      000000
__Ltext124                                           text124      000000
__Ltext125                                           text125      000000
__Ltext126                                           text126      000000
__Ltext127                                           text127      000000
__Ltext128                                           text128      000000
__Ltext129                                           text129      000000
__Ltext13                                            text13       000000
__Ltext130                                           text130      000000
__Ltext131                                           text131      000000
__Ltext132                                           text132      000000
__Ltext14                                            text14       000000
__Ltext15                                            text15       000000
__Ltext16                                            text16       000000
__Ltext17                                            text17       000000
__Ltext18                                            text18       000000
__Ltext19                                            text19       000000
__Ltext2                                             text2        000000
__Ltext20                                            text20       000000
__Ltext21                                            text21       000000
__Ltext22                                            text22       000000
__Ltext23                                            text23       000000
__Ltext24                                            text24       000000
__Ltext25                                            text25       000000
__Ltext26                                            text26       000000
__Ltext27                                            text27       000000
__Ltext28                                            text28       000000
__Ltext29                                            text29       000000
__Ltext3                                             text3        000000
__Ltext30                                            text30       000000
__Ltext31                                            text31       000000
__Ltext32                                            text32       000000
__Ltext33                                            text33       000000
__Ltext34                                            text34       000000
__Ltext35                                            text35       000000
__Ltext36                                            text36       000000
__Ltext37                                            text37       000000
__Ltext38                                            text38       000000
__Ltext39                                            text39       000000
__Ltext4                                             text4        000000
__Ltext40                                            text40       000000
__Ltext41                                            text41       000000
__Ltext42                                            text42       000000
__Ltext43                                            text43       000000
__Ltext44                                            text44       000000
__Ltext45                                            text45       000000
__Ltext46                                            text46       000000
__Ltext47                                            text47       000000
__Ltext48                                            text48       000000
__Ltext49                                            text49       000000
__Ltext5                                             text5        000000
__Ltext50                                            text50       000000
__Ltext51                                            text51       000000
__Ltext52                                            text52       000000
__Ltext53                                            text53       000000
__Ltext54                                            text54       000000
__Ltext55                                            text55       000000
__Ltext56                                            text56       000000
__Ltext57                                            text57       000000
__Ltext58                                            text58       000000
__Ltext59                                            text59       000000
__Ltext6                                             text6        000000
__Ltext60                                            text60       000000
__Ltext61                                            text61       000000
__Ltext62                                            text62       000000
__Ltext63                                            text63       000000
__Ltext64                                            text64       000000
__Ltext65                                            text65       000000
__Ltext66                                            text66       000000
__Ltext67                                            text67       000000
__Ltext68                                            text68       000000
__Ltext69                                            text69       000000
__Ltext7                                             text7        000000
__Ltext70                                            text70       000000
__Ltext71                                            text71       000000
__Ltext72                                            text72       000000
__Ltext73                                            text73       000000
__Ltext74                                            text74       000000
__Ltext75                                            text75       000000
__Ltext76                                            text76       000000
__Ltext77                                            text77       000000
__Ltext78                                            text78       000000
__Ltext79                                            text79       000000
__Ltext8                                             text8        000000
[...]
i2xtoa@x                                             cstackCOMRAM 00001E
int$flags                                            temp         00004F
intlevel0                                            text         000000
intlevel1                                            text         000000
intlevel2                                            text         000000
intlevel3                                            text         000000
isa$std                                              (abs)        000001
isa$xinst                                            (abs)        000000
lit_bloc_eprom_ext@adresse                           cstackBANK0  0000BB
lit_bloc_eprom_ext@err                               cstackBANK0  0000C7
lit_bloc_eprom_ext@mask                              cstackBANK0  0000C3
lit_bloc_eprom_ext@nombre                            cstackBANK0  0000BF
lit_eprom_ext@adresse                                cstackBANK0  0000BB
lit_eprom_ext@err                                    cstackBANK0  0000C6
lit_eprom_ext@mask                                   cstackBANK0  0000C2
lit_eprom_int@adresse                                cstackBANK0  000072
miroir64@n                                           cstackBANK0  000072
nlf@d                                                cstackBANK0  000076
num_telecommande_int@index                           cstackBANK0  000083
num_telecommande_int@serialEprom                     cstackBANK0  00007F
num_telecommande_int@serialin                        cstackBANK0  000074
pad@buf                                              cstackBANK0  000083
pad@fp                                               cstackBANK0  000082
pad@i                                                cstackBANK0  000088
pad@p                                                cstackBANK0  000085
printf@ap                                            cstackBANK0  0000BA
printf@fmt                                           cstackBANK0  0000B0
putch@txData                                         cstackBANK0  000073
read_prec_or_width@ap                                cstackBANK0  000073
read_prec_or_width@c                                 cstackBANK0  000076
read_prec_or_width@fmt                               cstackBANK0  000072
read_prec_or_width@n                                 cstackBANK0  000077
recoit_xmodem@ancienpak                              cstackBANK0  00008F
recoit_xmodem@b                                      cstackBANK0  000090
recoit_xmodem@demande                                cstackBANK0  00008E
recoit_xmodem@mode                                   cstackBANK0  000086
recoit_xmodem@padr                                   cstackBANK0  00008C
stackhi                                              (abs)        000000
stacklo                                              (abs)        000000
start                                                init         00180A
start_initialization                                 cinit        00871E
stocke_telecommande@ep                               cstackBANK0  0000D3
stocke_telecommande@n                                cstackBANK0  0000D2
strcmp@l                                             cstackBANK0  000072
strcmp@r                                             cstackBANK0  000074
strlen@a                                             cstackBANK0  000074
strlen@s                                             cstackBANK0  000072
traitementCode@n                                     cstackBANK0  0000D9
trouve_code_algo_nice@bal_telecom                    cstackBANK1  0001CE
trouve_code_algo_nice@c                              cstackBANK1  0001C7
trouve_code_algo_nice@i                              cstackBANK1  0001CF
trouve_code_algo_nice@increment                      cstackBANK1  0001D2
trouve_code_algo_nice@lu_ext                         cstackBANK1  0001CC
trouve_code_algo_nice@trouve                         cstackBANK1  0001D1
trouve_code_nice@c                                   cstackBANK0  0000C9
trouve_code_nice@i                                   cstackBANK0  0000D4
trouve_code_nice@j                                   cstackBANK0  0000D8
trouve_code_nice@trouve                              cstackBANK0  0000D3
ttemp5                                               temp         000050
ttemp6                                               temp         000053
ttemp7                                               temp         000057
utoa@d                                               cstackBANK0  00008B
utoa@fp                                              cstackBANK0  00008A
utoa@i                                               cstackBANK0  000092
utoa@p                                               cstackBANK0  00008F
utoa@w                                               cstackBANK0  000090
vfpfcnvrt@ap                                         cstackBANK0  00009F
vfpfcnvrt@c                                          cstackBANK0  0000A7
vfpfcnvrt@convarg                                    cstackBANK0  0000A3
vfpfcnvrt@cp                                         cstackBANK0  0000A8
vfpfcnvrt@done                                       cstackBANK0  0000A2
vfpfcnvrt@fmt                                        cstackBANK0  00009E
vfpfcnvrt@fp                                         cstackBANK0  00009D
vfprintf@ap                                          cstackBANK0  0000AD
vfprintf@cfmt                                        cstackBANK0  0000AE
vfprintf@fmt                                         cstackBANK0  0000AB
vfprintf@fp                                          cstackBANK0  0000AA
wtemp8                                               temp         000050
xtoa@a                                               cstackBANK0  000094
xtoa@c                                               cstackBANK0  00009A
xtoa@d                                               cstackBANK0  00008B
xtoa@fp                                              cstackBANK0  00008A
xtoa@i                                               cstackBANK0  00009B
xtoa@p                                               cstackBANK0  000097
xtoa@w                                               cstackBANK0  000098
xtoa@x                                               cstackBANK0  00008F


MODULE INFORMATION

Module		Function		Class		Link	Load	Size
C:\Program Files\Microchip\xc8\v3.00\pic\sources\c99\common\abs.c
		_abs           		CODE           	8F86	0000	54

C:\Program Files\Microchip\xc8\v3.00\pic\sources\c99\common\abs.c estimated size: 54

C:\Program Files\Microchip\xc8\v3.00\pic\sources\c99\common\nf_fputc.c
		_fputc         		CODE           	808A	0000	188

C:\Program Files\Microchip\xc8\v3.00\pic\sources\c99\common\nf_fputc.c estimated size: 188

C:\Program Files\Microchip\xc8\v3.00\pic\sources\c99\common\lomod.c
		___lomod       		CODE           	7C92	0000	210

C:\Program Files\Microchip\xc8\v3.00\pic\sources\c99\common\lomod.c estimated size: 210

mcc_generated_files/system/src/interrupt.c
		_INTERRUPT_Initialize		CODE           	92AA	0000	20

mcc_generated_files/system/src/interrupt.c estimated size: 20

C:\Program Files\Microchip\xc8\v3.00\pic\sources\c99\common\printf.c
		_printf        		CODE           	91CC	0000	28

C:\Program Files\Microchip\xc8\v3.00\pic\sources\c99\common\printf.c estimated size: 28

C:\Program Files\Microchip\xc8\v3.00\pic\sources\c99\common\awmod.c
		___awmod       		CODE           	82B2	0000	176

C:\Program Files\Microchip\xc8\v3.00\pic\sources\c99\common\awmod.c estimated size: 176

C:\Program Files\Microchip\xc8\v3.00\pic\sources\c99\common\llmod.c
		___llmod       		CODE           	883A	0000	138

C:\Program Files\Microchip\xc8\v3.00\pic\sources\c99\common\llmod.c estimated size: 138

C:\Program Files\Microchip\xc8\v3.00\pic\sources\c99\common\almod.c
		___almod       		CODE           	78FA	0000	236

C:\Program Files\Microchip\xc8\v3.00\pic\sources\c99\common\almod.c estimated size: 236

mcc_generated_files/system/src/pins.c
		_PIN_MANAGER_Initialize		CODE           	9152	0000	32

mcc_generated_files/system/src/pins.c estimated size: 32

C:\Program Files\Microchip\xc8\v3.00\pic\sources\c99\common\__lldiv.c
		___lldiv       		CODE           	8412	0000	166

C:\Program Files\Microchip\xc8\v3.00\pic\sources\c99\common\__lldiv.c estimated size: 166

shared
		_coupureC      		MEDIUMCONST    	F491	0000	2
		_coupureD      		MEDIUMCONST    	0000	0000	0
		_coupureF      		MEDIUMCONST    	0000	0000	0
		_coupureN      		MEDIUMCONST    	F455	0000	2
		_coupureS      		MEDIUMCONST    	F441	0000	2
		_bit0C         		MEDIUMCONST    	0000	0000	0
		i2_printf      		CODE           	9202	0000	26
		i2_vfpfcnvrt   		CODE           	519C	0000	912
		i2_raz_bits    		CODE           	93C0	0000	12
		i2_pad         		CODE           	85F4	0000	150
		i2_abs         		CODE           	8FF0	0000	52
		_bit1C         		MEDIUMCONST    	0000	0000	0
		i2_read_prec_or_width		CODE           	8362	0000	176
		i2_putch       		CODE           	91AE	0000	30
		i2_utoa        		CODE           	73F2	0000	276
		_bit0F_M       		MEDIUMCONST    	F471	0000	2
		_prot_niceflors		MEDIUMCONST    	0000	0000	0
		_bit0D         		MEDIUMCONST    	0000	0000	0
		_bit0F_P       		MEDIUMCONST    	F46F	0000	2
		_bit1F_M       		MEDIUMCONST    	F46D	0000	2
		_bit1D         		MEDIUMCONST    	0000	0000	0
		i2_vfprintf    		CODE           	8E8A	0000	68
		_Err_bit_duration		MEDIUMCONST    	0000	0000	0
		i2_xtoa        		CODE           	707A	0000	328
		_prot_fobloqf  		MEDIUMCONST    	0000	0000	0
		_bit1F_P       		MEDIUMCONST    	F46B	0000	2
		_silenceC      		MEDIUMCONST    	0000	0000	0
		_silenceD      		MEDIUMCONST    	0000	0000	0
		_silenceF      		MEDIUMCONST    	0000	0000	0
		_silenceN      		MEDIUMCONST    	0000	0000	0
		_silenceS      		MEDIUMCONST    	0000	0000	0
		_silenceC_M    		MEDIUMCONST    	0000	0000	0
		_silenceD_M    		MEDIUMCONST    	0000	0000	0
		_silenceF_M    		MEDIUMCONST    	0000	0000	0
		_silenceN_M    		MEDIUMCONST    	0000	0000	0
		_silenceC_P    		MEDIUMCONST    	0000	0000	0
		_silenceD_P    		MEDIUMCONST    	0000	0000	0
		_silenceF_P    		MEDIUMCONST    	0000	0000	0
		_silenceS_M    		MEDIUMCONST    	0000	0000	0
		_silenceN_P    		MEDIUMCONST    	0000	0000	0
		_silenceS_P    		MEDIUMCONST    	0000	0000	0
		_bit0S_M       		MEDIUMCONST    	0000	0000	0
		i2_dtoa        		CODE           	67B4	0000	416
		i2_EUSART1_IsTxReady		CODE           	910A	0000	38
		_bit0S_P       		MEDIUMCONST    	0000	0000	0
		i2___lldiv     		CODE           	84B8	0000	164
		_debutbitC     		MEDIUMCONST    	0000	0000	0
		_debutbitD     		MEDIUMCONST    	0000	0000	0
		_debutbitF     		MEDIUMCONST    	0000	0000	0
		_debutbitN     		MEDIUMCONST    	0000	0000	0
		_debutbitS     		MEDIUMCONST    	0000	0000	0
		__initialization		CODE           	871E	0000	136
		_I2C1_Host     		MEDIUMCONST    	F41B	0000	20
		_bit1S_M       		MEDIUMCONST    	0000	0000	0
		_debutbitC_M   		MEDIUMCONST    	F49D	0000	2
		_debutbitD_M   		MEDIUMCONST    	0000	0000	0
		_debutbitF_M   		MEDIUMCONST    	0000	0000	0
		_debutbitN_M   		MEDIUMCONST    	0000	0000	0
		_debutbitC_P   		MEDIUMCONST    	F49B	0000	2
		_debutbitD_P   		MEDIUMCONST    	0000	0000	0
		_debutbitF_P   		MEDIUMCONST    	0000	0000	0
		_debutbitS_M   		MEDIUMCONST    	0000	0000	0
		_debutbitN_P   		MEDIUMCONST    	0000	0000	0
		_debutbitS_P   		MEDIUMCONST    	0000	0000	0
		_bit0F         		MEDIUMCONST    	0000	0000	0
		_i2c1_eventTable		MEDIUMCONST    	F42F	0000	18
		_UART1         		MEDIUMCONST    	F3D5	0000	48
		_bit0N_M       		MEDIUMCONST    	0000	0000	0
		_bit1S_P       		MEDIUMCONST    	0000	0000	0
		i2_EUSART1_Write		CODE           	93E8	0000	8
		i2___aldiv     		CODE           	7612	0000	266
		_prot_came     		MEDIUMCONST    	0000	0000	0
		_bit1F         		MEDIUMCONST    	0000	0000	0
		_bit0N_P       		MEDIUMCONST    	0000	0000	0
		_prot_cardin   		MEDIUMCONST    	0000	0000	0
		_bit1N_M       		MEDIUMCONST    	0000	0000	0
		_bit0C_M       		MEDIUMCONST    	0000	0000	0
		i2___llmod     		CODE           	88C4	0000	136
		_toleranceC    		MEDIUMCONST    	0000	0000	0
		_toleranceD    		MEDIUMCONST    	0000	0000	0
		_toleranceF    		MEDIUMCONST    	0000	0000	0
		_toleranceN    		MEDIUMCONST    	0000	0000	0
		_toleranceS    		MEDIUMCONST    	0000	0000	0
		_bit1N_P       		MEDIUMCONST    	0000	0000	0
		_Timer0        		MEDIUMCONST    	F405	0000	22
		_bit0C_P       		MEDIUMCONST    	0000	0000	0
		_Err_wrong_range_bit		MEDIUMCONST    	F4A7	0000	1
		_prot_somfy    		MEDIUMCONST    	0000	0000	0
		_bit1C_M       		MEDIUMCONST    	0000	0000	0
		_Err_sym_bit   		MEDIUMCONST    	0000	0000	0
		_bit0S         		MEDIUMCONST    	0000	0000	0
		i2___almod     		CODE           	79E6	0000	234
		_bit1C_P       		MEDIUMCONST    	0000	0000	0
		_bit0D_M       		MEDIUMCONST    	F485	0000	2
		_bit1S         		MEDIUMCONST    	0000	0000	0
		i2_fputc       		CODE           	8146	0000	186
		i2_fputs       		CODE           	8ECE	0000	64
		_bit0D_P       		MEDIUMCONST    	F483	0000	2
		_bit0N         		MEDIUMCONST    	0000	0000	0
		_bit1D_M       		MEDIUMCONST    	F481	0000	2
		_bit1D_P       		MEDIUMCONST    	F47F	0000	2
		_bit1N         		MEDIUMCONST    	0000	0000	0

shared estimated size: 3813

C:\Program Files\Microchip\xc8\v3.00\pic\sources\c99\common\nf_fputs.c
		_fputs         		CODE           	8E46	0000	68

C:\Program Files\Microchip\xc8\v3.00\pic\sources\c99\common\nf_fputs.c estimated size: 68

C:\Program Files\Microchip\xc8\v3.00\pic\sources\c99\common\strlen.c
		_strlen        		CODE           	8C6A	0000	84

C:\Program Files\Microchip\xc8\v3.00\pic\sources\c99\common\strlen.c estimated size: 84

C:\Program Files\Microchip\xc8\v3.00\pic\sources\c99\common\strcmp.c
		_strcmp        		CODE           	8AC6	0000	118

C:\Program Files\Microchip\xc8\v3.00\pic\sources\c99\common\strcmp.c estimated size: 118

mcc_generated_files/system/src/clock.c
		_CLOCK_Initialize		CODE           	93B4	0000	12

mcc_generated_files/system/src/clock.c estimated size: 12

mcc_generated_files/i2c_host/src/mssp.c
		_I2C1_Tasks    		CODE           	8F0E	0000	60
		_I2C1_EVENT_SEND_WR_ADDR		CODE           	9342	0000	14
		_I2C1_NackSend 		CODE           	93F6	0000	6
		_I2C1_ErrorEventHandler		CODE           	8D10	0000	82
		_I2C1_EVENT_RESET		CODE           	9378	0000	12
		_I2C1_EVENT_ERROR		CODE           	9390	0000	12
		_I2C1_ErrorInterruptClear		CODE           	942A	0000	4
		_I2C1_StatusFlagsClear		CODE           	9402	0000	6
		_I2C1_InterruptClear		CODE           	9426	0000	4
		_I2C1_WriteStart		CODE           	936C	0000	12
		_I2C1_EVENT_RX 		CODE           	89D0	0000	126
		_I2C1_EVENT_TX 		CODE           	8BAC	0000	100
		_I2C1_ReceiveEnable		CODE           	941A	0000	4
		_I2C1_RestartEnable		CODE           	9412	0000	4
		_I2C1_EventHandler		CODE           	7E34	0000	202
		_I2C1_DataReceive		CODE           	941E	0000	4
		_I2C1_IsData   		CODE           	9246	0000	20
		_I2C1_IsNack   		CODE           	9232	0000	20
		_I2C1_IsAddr   		CODE           	925A	0000	20
		_I2C1_IsBusy   		CODE           	9056	0000	48
		_I2C1_EVENT_IDLE		CODE           	93E0	0000	8
		_I2C1_EVENT_NACK		CODE           	939C	0000	12
		_I2C1_ErrorGet 		CODE           	935E	0000	14
		_I2C1_EVENT_SEND_RD_ADDR		CODE           	9350	0000	14
		_I2C1_EVENT_STOP		CODE           	9384	0000	12
		_I2C1_BusReset 		CODE           	9408	0000	6
		_I2C1_Initialize		CODE           	9320	0000	18
		_I2C1_Close    		CODE           	90B6	0000	42
		_I2C1_IsRxBufFull		CODE           	926E	0000	20
		_I2C1_Write    		CODE           	8C10	0000	90
		_I2C1_StopSend 		CODE           	9422	0000	4
		_I2C1_RestartDisable		CODE           	9416	0000	4
		_I2C1_DataTransmit		CODE           	93CC	0000	10
		_I2C1_AckSend  		CODE           	93FC	0000	6
		_I2C1_WriteRead		CODE           	8DB0	0000	78
		_I2C1_StartSend		CODE           	940E	0000	4

mcc_generated_files/i2c_host/src/mssp.c estimated size: 1102

C:\Program Files\Microchip\xc8\v3.00\pic\sources\c99\common\awdiv.c
		___awdiv       		CODE           	7FC6	0000	196

C:\Program Files\Microchip\xc8\v3.00\pic\sources\c99\common\awdiv.c estimated size: 196

mcc_generated_files/timer/src/tmr0.c
		_TMR0_OverflowCallbackRegister		CODE           	93D6	0000	10
		_TMR0_Initialize		CODE           	90E0	0000	42
		_TMR0_Start    		CODE           	942E	0000	4

mcc_generated_files/timer/src/tmr0.c estimated size: 56

main.c
		_erreur_xmodem 		CODE           	930E	0000	18
		_trouve_code_nice		CODE           	71C2	0000	280
		_UART_WriteByte		CODE           	8A4E	0000	120
		_lit_eprom_int 		CODE           	921C	0000	22
		_lit_eprom_ext 		CODE           	6954	0000	400
		_fin_cardin    		CODE           	92E6	0000	20
		_decode_nice_b0b6		CODE           	3798	0000	1688
		_menu          		CODE           	7AD0	0000	226
		_ISR_high      		CODE           	0008	0000	6146
		_UART_ProcessCommand		CODE           	780C	0000	238
		_fin_somfy     		CODE           	92BE	0000	20
		_main          		CODE           	3098	0000	1792
		_UART1_WriteString		CODE           	7BB2	0000	224
		_stocke_telecommande		CODE           	4446	0000	1248
		_miroir64      		CODE           	3E30	0000	1558
		_ecrit_bloc_eprom_int		CODE           	8B3C	0000	112
		_decode_somfy  		CODE           	4926	0000	1248
		_fin_fobloqf   		CODE           	92D2	0000	20
		_KeeLoq_Decrypt		CODE           	5B30	0000	660
		_decode_cardin 		CODE           	6AE4	0000	384
		_raz_bits      		CODE           	93A8	0000	12
		_code_b0b6_nice_valide		CODE           	8D62	0000	78
		_UART_ExecuteCommand		CODE           	180E	0000	3798
		_Affiche       		CODE           	771C	0000	240
		_Affiche4      		CODE           	9086	0000	48
		_KeeLoq_Decrypt2		CODE           	552C	0000	802
		_num_telecommande_int		CODE           	5DC4	0000	622
		_decode_fobloqf		CODE           	87B0	0000	138
		_fin_came      		CODE           	92FA	0000	20
		_calccrc       		CODE           	868A	0000	148
		_recoit_xmodem 		CODE           	584E	0000	738
		_ecrit_bloc_eprom_ext		CODE           	6454	0000	444
		_affiche_enregistrement		CODE           	26E4	0000	2484
		_lit_bloc_eprom_ext		CODE           	6C64	0000	380
		_traitementCode		CODE           	6280	0000	468
		_ecrit_eprom_int		CODE           	8CBE	0000	82
		_trouve_code_algo_nice		CODE           	6DE0	0000	336
		_decode_b06_nice		CODE           	6032	0000	590
		_nlf           		CODE           	8FBC	0000	52
		_attend_rx     		CODE           	7EFE	0000	200
		_attend_rx_30  		CODE           	7D64	0000	208

main.c estimated size: 28312

mcc_generated_files/uart/src/eusart1.c
		_EUSART1_Initialize		CODE           	8F4A	0000	60
		_putch         		CODE           	9130	0000	34
		_EUSART1_DefaultFramingErrorCallback		CODE           	9432	0000	2
		_EUSART1_Read  		CODE           	894C	0000	132
		_EUSART1_Write 		CODE           	9296	0000	20
		_EUSART1_FramingErrorCallbackRegister		CODE           	9190	0000	30
		_EUSART1_IsRxReady		CODE           	9282	0000	20
		_EUSART1_IsTxReady		CODE           	9024	0000	50
		_EUSART1_OverrunErrorCallbackRegister		CODE           	9172	0000	30
		_EUSART1_DefaultOverrunErrorCallback		CODE           	93F0	0000	6

mcc_generated_files/uart/src/eusart1.c estimated size: 384

C:\Program Files\Microchip\xc8\v3.00\pic\sources\c99\common\aldiv.c
		___aldiv       		CODE           	7506	0000	268

C:\Program Files\Microchip\xc8\v3.00\pic\sources\c99\common\aldiv.c estimated size: 268

C:\Program Files\Microchip\xc8\v3.00\pic\sources\c99\common\doprnt.c
		_read_prec_or_width		CODE           	8200	0000	178
		_vfpfcnvrt     		CODE           	4E06	0000	918
		_pad           		CODE           	855C	0000	152
		_dtoa          		CODE           	6610	0000	420
		_vfprintf      		CODE           	8DFE	0000	72
		_utoa          		CODE           	72DA	0000	280
		_xtoa          		CODE           	6F30	0000	330

C:\Program Files\Microchip\xc8\v3.00\pic\sources\c99\common\doprnt.c estimated size: 2350

mcc_generated_files/system/src/system.c
		_SYSTEM_Initialize		CODE           	91E8	0000	26

mcc_generated_files/system/src/system.c estimated size: 26

